<html>
<body>
<pre>
<h1>礦ision Build Log</h1>
<h2>Tool Versions:</h2>
IDE-Version: μVision V5.12.0.0
Copyright (C) 2014 ARM Ltd and ARM Germany GmbH. All rights reserved.
License Information: PanXuesen PanXuesen, PanXuesen, LIC=0VR63-ABZ28-FZXWU-SRPKH-YRS71-ZKXPV
 
Tool Versions:
Toolchain:       MDK-ARM Professional  Version: 5.12.0.0
Toolchain Path:  F:\Keil_v5\ARM\ARMCC\Bin
C Compiler:      Armcc.exe V5.05 (build 41)
Assembler:       Armasm.exe V5.05 (build 41)
Linker/Locator:  ArmLink.exe V5.05 (build 41)
Library Manager: ArmAr.exe V5.05 (build 41)
Hex Converter:   FromElf.exe V5.05 (build 41)
CPU DLL:         
Dialog DLL:      
    Target DLL: Segger\JL2CM3.dll
Dialog DLL:      TCM.DLL V1.14.2.0
 
<h2>Project:</h2>
F:\360极速浏览器下载\thingy_sdk_v1.1.0\project\bootloader_secure\pca10040\arm5_no_packs\secure_dfu_secure_dfu_ble_s132_pca10040.uvprojx
Project File Date:  08/20/2017

<h2>Output:</h2>
Build target 'nrf52832_xxaa_s132'
Clean started - Project: 'secure_dfu_secure_dfu_ble_s132_pca10040'
   deleting intermediate output files for target 'nrf52832_xxaa_s132'
compiling dfu-cc.pb.c...
compiling dfu_req_handling.c...
compiling main.c...
compiling drv_sx1509.c...
compiling twi_manager.c...
compiling nrf_drv_twi.c...
compiling drv_ext_light.c...
compiling sx150x_led_drv_calc.c...
compiling dfu_public_key.c...
compiling ble_advdata.c...
compiling ble_conn_params.c...
compiling ble_srv_common.c...
compiling nrf_ble_dfu.c...
compiling nrf_bootloader.c...
compiling nrf_bootloader_app_start.c...
compiling nrf_bootloader_info.c...
compiling nrf_dfu.c...
compiling nrf_dfu_flash.c...
compiling nrf_dfu_mbr.c...
compiling nrf_dfu_settings.c...
compiling nrf_dfu_transport.c...
compiling nrf_dfu_utils.c...
compiling nrf_drv_common.c...
compiling nrf_drv_rng.c...
compiling nrf_nvmc.c...
compiling app_error_weak.c...
compiling app_fifo.c...
compiling app_scheduler.c...
compiling app_timer.c...
compiling app_timer_appsh.c...
compiling app_util_platform.c...
compiling crc32.c...
compiling ecc.c...
compiling fstorage.c...
compiling hci_mem_pool.c...
compiling nrf_assert.c...
compiling nrf_crypto.c...
compiling sha256.c...
compiling softdevice_handler.c...
compiling softdevice_handler_appsh.c...
compiling pb_common.c...
compiling pb_decode.c...
compiling RTT_Syscalls_KEIL.c...
compiling SEGGER_RTT.c...
compiling SEGGER_RTT_printf.c...
assembling arm_startup_nrf52.s...
compiling system_nrf52.c...
linking...
Program Size: Code=31074 RO-data=2282 RW-data=268 ZI-data=20804  
".\_build\nrf52832_xxaa_s132.axf" - 0 Error(s), 0 Warning(s).

*** Performing Cross-Module-Optimization:
compiling dfu_req_handling.c...
compiling main.c...
compiling drv_sx1509.c...
compiling twi_manager.c...
compiling nrf_drv_twi.c...
compiling drv_ext_light.c...
compiling ble_advdata.c...
compiling ble_conn_params.c...
compiling ble_srv_common.c...
compiling nrf_ble_dfu.c...
compiling nrf_bootloader.c...
compiling nrf_bootloader_app_start.c...
compiling nrf_bootloader_info.c...
compiling nrf_dfu.c...
compiling nrf_dfu_flash.c...
compiling nrf_dfu_mbr.c...
compiling nrf_dfu_settings.c...
compiling nrf_dfu_transport.c...
compiling nrf_dfu_utils.c...
compiling nrf_drv_common.c...
compiling nrf_drv_rng.c...
compiling nrf_nvmc.c...
compiling app_error_weak.c...
compiling app_fifo.c...
compiling app_scheduler.c...
compiling app_timer.c...
compiling app_timer_appsh.c...
compiling app_util_platform.c...
compiling ecc.c...
compiling fstorage.c...
compiling hci_mem_pool.c...
compiling nrf_assert.c...
compiling nrf_crypto.c...
compiling sha256.c...
compiling softdevice_handler.c...
compiling softdevice_handler_appsh.c...
compiling pb_decode.c...
compiling RTT_Syscalls_KEIL.c...
compiling SEGGER_RTT.c...
compiling system_nrf52.c...
linking...
Program Size: Code=31074 RO-data=2282 RW-data=268 ZI-data=20804  
FromELF: creating hex file...
".\_build\nrf52832_xxaa_s132.axf" - 0 Error(s), 0 Warning(s).
*** Completed Cross-Module-Optimization after 2 iteration(s).

<h2>Software Packages used:</h2>

Package Vendor: ARM
                http://www.keil.com/pack/ARM.CMSIS.4.5.0.pack
                ARM::CMSIS:CORE:4.3.0
                CMSIS (Cortex Microcontroller Software Interface Standard)
   * Component: CORE Version: 4.3.0

Package Vendor: NordicSemiconductor
                http://developer.nordicsemi.com/nRF5_SDK/pieces/nRF_DeviceFamilyPack/NordicSemiconductor.nRF_DeviceFamilyPack.8.9.0.pack
                NordicSemiconductor::Device:Startup:8.9.0
                Nordic Semiconductor nRF ARM devices Device Family Pack.
   * Component: Startup Version: 8.9.0

<h2>Collection of Component include folders:</h2>
  F:\360极速浏览器下载\thingy_sdk_v1.1.0\project\bootloader_secure\pca10040\arm5_no_packs\RTE
  F:\Keil_v5\ARM\PACK\ARM\CMSIS\4.5.0\CMSIS\Include
  F:\Keil_v5\ARM\PACK\NordicSemiconductor\nRF_DeviceFamilyPack\8.14.1\Device\Include
  F:\Keil_v5\ARM\PACK\NordicSemiconductor\nRF_DeviceFamilyPack\8.9.0\Device\Include

<h2>Collection of Component Files used:</h2>

   * Component: ARM::CMSIS:CORE:4.3.0

   * Component: NordicSemiconductor::Device:Startup:8.9.0
      Include file:  Device\Include\system_nrf52.h
      Source file:   Device\Source\arm\arm_startup_nrf52.s
      Source file:   Device\Source\system_nrf52.c
</pre>
</body>
</html>
