Component: ARM Compiler 5.05 (build 41) Tool: armlink [4d0eb9]

==============================================================================

Section Cross References

    dfu-cc.pb.o(.constdata) refers to dfu-cc.pb.o(.constdata) for dfu_hash_fields
    dfu-cc.pb.o(.constdata) refers to dfu-cc.pb.o(.constdata) for dfu_init_command_is_debug_default
    dfu-cc.pb.o(.constdata) refers to dfu-cc.pb.o(.constdata) for dfu_init_command_fields
    dfu-cc.pb.o(.constdata) refers to dfu-cc.pb.o(.constdata) for dfu_reset_command_fields
    dfu-cc.pb.o(.constdata) refers to dfu-cc.pb.o(.constdata) for dfu_command_fields
    dfu-cc.pb.o(.constdata) refers to dfu-cc.pb.o(.constdata) for dfu_command_fields
    dfu-cc.pb.o(.constdata) refers to dfu-cc.pb.o(.constdata) for dfu_signed_command_fields
    dfu_req_handling.o(i.dfu_data_write_handler) refers to dfu_req_handling.o(.data) for .data
    dfu_req_handling.o(i.dfu_decode_commmand) refers to pb_decode.o(i.pb_istream_from_buffer) for pb_istream_from_buffer
    dfu_req_handling.o(i.dfu_decode_commmand) refers to pb_decode.o(i.pb_decode) for pb_decode
    dfu_req_handling.o(i.dfu_decode_commmand) refers to nrf_dfu_settings.o(.bss) for s_dfu_settings
    dfu_req_handling.o(i.dfu_decode_commmand) refers to dfu_req_handling.o(.bss) for .bss
    dfu_req_handling.o(i.dfu_decode_commmand) refers to dfu_req_handling.o(i.pb_decoding_callback) for pb_decoding_callback
    dfu_req_handling.o(i.dfu_decode_commmand) refers to dfu_req_handling.o(.data) for .data
    dfu_req_handling.o(i.dfu_decode_commmand) refers to dfu-cc.pb.o(.constdata) for dfu_packet_fields
    dfu_req_handling.o(i.dfu_handle_prevalidate) refers to nrf_crypto.o(i.nrf_crypto_hash_compute) for nrf_crypto_hash_compute
    dfu_req_handling.o(i.dfu_handle_prevalidate) refers to memcpya.o(.text) for __aeabi_memcpy
    dfu_req_handling.o(i.dfu_handle_prevalidate) refers to nrf_crypto.o(i.nrf_crypto_verify) for nrf_crypto_verify
    dfu_req_handling.o(i.dfu_handle_prevalidate) refers to nrf_dfu_utils.o(i.nrf_dfu_find_cache) for nrf_dfu_find_cache
    dfu_req_handling.o(i.dfu_handle_prevalidate) refers to nrf_dfu_settings.o(.bss) for s_dfu_settings
    dfu_req_handling.o(i.dfu_handle_prevalidate) refers to dfu_req_handling.o(.bss) for .bss
    dfu_req_handling.o(i.dfu_handle_prevalidate) refers to dfu_req_handling.o(.data) for .data
    dfu_req_handling.o(i.dfu_handle_prevalidate) refers to dfu_req_handling.o(.constdata) for .constdata
    dfu_req_handling.o(i.nrf_delay_us) refers to system_nrf52.o(.data) for SystemCoreClock
    dfu_req_handling.o(i.nrf_dfu_command_req) refers to memseta.o(.text) for __aeabi_memclr4
    dfu_req_handling.o(i.nrf_dfu_command_req) refers to memcpya.o(.text) for __aeabi_memcpy
    dfu_req_handling.o(i.nrf_dfu_command_req) refers to crc32.o(i.crc32_compute) for crc32_compute
    dfu_req_handling.o(i.nrf_dfu_command_req) refers to dfu_req_handling.o(i.dfu_decode_commmand) for dfu_decode_commmand
    dfu_req_handling.o(i.nrf_dfu_command_req) refers to dfu_req_handling.o(i.dfu_handle_prevalidate) for dfu_handle_prevalidate
    dfu_req_handling.o(i.nrf_dfu_command_req) refers to nrf_dfu_settings.o(i.nrf_dfu_settings_write) for nrf_dfu_settings_write
    dfu_req_handling.o(i.nrf_dfu_command_req) refers to nrf_dfu_settings.o(.bss) for s_dfu_settings
    dfu_req_handling.o(i.nrf_dfu_command_req) refers to dfu_req_handling.o(.data) for .data
    dfu_req_handling.o(i.nrf_dfu_command_req) refers to dfu_req_handling.o(.bss) for .bss
    dfu_req_handling.o(i.nrf_dfu_data_req) refers to nrf_dfu_flash.o(i.nrf_dfu_flash_erase) for nrf_dfu_flash_erase
    dfu_req_handling.o(i.nrf_dfu_data_req) refers to crc32.o(i.crc32_compute) for crc32_compute
    dfu_req_handling.o(i.nrf_dfu_data_req) refers to memcpya.o(.text) for __aeabi_memcpy
    dfu_req_handling.o(i.nrf_dfu_data_req) refers to nrf_dfu_flash.o(i.nrf_dfu_flash_store) for nrf_dfu_flash_store
    dfu_req_handling.o(i.nrf_dfu_data_req) refers to nrf_dfu_settings.o(i.nrf_dfu_settings_write) for nrf_dfu_settings_write
    dfu_req_handling.o(i.nrf_dfu_data_req) refers to nrf_dfu.o(i.nrf_dfu_wait) for nrf_dfu_wait
    dfu_req_handling.o(i.nrf_dfu_data_req) refers to dfu_req_handling.o(i.nrf_dfu_postvalidate) for nrf_dfu_postvalidate
    dfu_req_handling.o(i.nrf_dfu_data_req) refers to dfu_req_handling.o(.data) for .data
    dfu_req_handling.o(i.nrf_dfu_data_req) refers to nrf_dfu_settings.o(.bss) for s_dfu_settings
    dfu_req_handling.o(i.nrf_dfu_data_req) refers to dfu_req_handling.o(i.dfu_data_write_handler) for dfu_data_write_handler
    dfu_req_handling.o(i.nrf_dfu_data_req) refers to dfu_req_handling.o(.bss) for .bss
    dfu_req_handling.o(i.nrf_dfu_postvalidate) refers to nrf_crypto.o(i.nrf_crypto_hash_compute) for nrf_crypto_hash_compute
    dfu_req_handling.o(i.nrf_dfu_postvalidate) refers to memcmp.o(.text) for memcmp
    dfu_req_handling.o(i.nrf_dfu_postvalidate) refers to memseta.o(.text) for __aeabi_memclr4
[...]
    i.twi_transfer                           0x0007c9aa   Section        0  nrf_drv_twi.o(i.twi_transfer)
    twi_transfer                             0x0007c9ab   Thumb Code   266  nrf_drv_twi.o(i.twi_transfer)
    i.twi_tx_start_transfer                  0x0007cab4   Section        0  nrf_drv_twi.o(i.twi_tx_start_transfer)
    twi_tx_start_transfer                    0x0007cab5   Thumb Code   166  nrf_drv_twi.o(i.twi_tx_start_transfer)
    i.twi_xfer                               0x0007cb5a   Section        0  nrf_drv_twi.o(i.twi_xfer)
    twi_xfer                                 0x0007cb5b   Thumb Code   140  nrf_drv_twi.o(i.twi_xfer)
    i.uint16_encode                          0x0007cbe6   Section        0  ble_advdata.o(i.uint16_encode)
    uint16_encode                            0x0007cbe7   Thumb Code    10  ble_advdata.o(i.uint16_encode)
    i.uint32_encode                          0x0007cbf0   Section        0  nrf_ble_dfu.o(i.uint32_encode)
    uint32_encode                            0x0007cbf1   Thumb Code    18  nrf_ble_dfu.o(i.uint32_encode)
    i.update_timeout_handler                 0x0007cc04   Section        0  ble_conn_params.o(i.update_timeout_handler)
    update_timeout_handler                   0x0007cc05   Thumb Code    88  ble_conn_params.o(i.update_timeout_handler)
    i.user_op_alloc                          0x0007cc64   Section        0  app_timer.o(i.user_op_alloc)
    user_op_alloc                            0x0007cc65   Thumb Code    42  app_timer.o(i.user_op_alloc)
    i.uuid_list_encode                       0x0007cc94   Section        0  ble_advdata.o(i.uuid_list_encode)
    uuid_list_encode                         0x0007cc95   Thumb Code    48  ble_advdata.o(i.uuid_list_encode)
    i.uuid_list_sized_encode                 0x0007ccc4   Section        0  ble_advdata.o(i.uuid_list_sized_encode)
    uuid_list_sized_encode                   0x0007ccc5   Thumb Code   158  ble_advdata.o(i.uuid_list_sized_encode)
    .constdata                               0x0007cd62   Section        1  dfu-cc.pb.o(.constdata)
    .constdata                               0x0007cd64   Section       36  dfu-cc.pb.o(.constdata)
    .constdata                               0x0007cd88   Section      120  dfu-cc.pb.o(.constdata)
    .constdata                               0x0007ce00   Section       24  dfu-cc.pb.o(.constdata)
    .constdata                               0x0007ce18   Section       48  dfu-cc.pb.o(.constdata)
    .constdata                               0x0007ce48   Section       48  dfu-cc.pb.o(.constdata)
    .constdata                               0x0007ce78   Section       36  dfu-cc.pb.o(.constdata)
    .constdata                               0x0007ce9c   Section        8  dfu_req_handling.o(.constdata)
    crypto_key_pk                            0x0007ce9c   Data           8  dfu_req_handling.o(.constdata)
    .constdata                               0x0007cea4   Section       12  nrf_drv_twi.o(.constdata)
    .constdata                               0x0007ceb0   Section       84  drv_ext_light.o(.constdata)
    m_ioext_osc_status_use_matrix            0x0007ceb0   Data           4  drv_ext_light.o(.constdata)
    .constdata                               0x0007cf04   Section        6  sx150x_led_drv_calc.o(.constdata)
    .constdata                               0x0007cf0c   Section       64  dfu_public_key.o(.constdata)
    .constdata                               0x0007cf4c   Section        4  ble_conn_params.o(.constdata)
    m_conn_params_timer_id                   0x0007cf4c   Data           4  ble_conn_params.o(.constdata)
    .constdata                               0x0007cf50   Section       20  nrf_ble_dfu.o(.constdata)
    .constdata                               0x0007cf64   Section        8  nrf_dfu.o(.constdata)
    m_twi_sensors                            0x0007cf64   Data           8  nrf_dfu.o(.constdata)
    .constdata                               0x0007cf6c   Section       16  nrf_dfu.o(.constdata)
    led_config                               0x0007cf6c   Data          16  nrf_dfu.o(.constdata)
    .constdata                               0x0007cf7c   Section       16  nrf_dfu.o(.constdata)
    twi_config                               0x0007cf7c   Data          16  nrf_dfu.o(.constdata)
    .constdata                               0x0007cf8c   Section       12  nrf_dfu.o(.constdata)
    sx1509_cfg                               0x0007cf8c   Data          12  nrf_dfu.o(.constdata)
    .constdata                               0x0007cf98   Section       16  nrf_dfu.o(.constdata)
    led_init                                 0x0007cf98   Data          16  nrf_dfu.o(.constdata)
    .constdata                               0x0007cfa8   Section       16  nrf_dfu_flash.o(.constdata)
    .constdata                               0x0007cfb8   Section       64  nrf_dfu_mbr.o(.constdata)
    .constdata                               0x0007cff8   Section      256  sha256.o(.constdata)
    k                                        0x0007cff8   Data         256  sha256.o(.constdata)
    .constdata                               0x0007d0f8   Section       36  pb_decode.o(.constdata)
    PB_DECODERS                              0x0007d0f8   Data          36  pb_decode.o(.constdata)
    .constdata                               0x0007d11c   Section       16  segger_rtt_printf.o(.constdata)
    _aV2C                                    0x0007d11c   Data          16  segger_rtt_printf.o(.constdata)
    .conststring                             0x0007d12c   Section       72  drv_ext_light.o(.conststring)
    [Anonymous Symbol]                       0x0007d174   Section        0  micro_ecc_lib_uECC.c.o(.rodata.curve_secp256r1)
    curve_secp256r1                          0x0007d174   Data         176  micro_ecc_lib_uECC.c.o(.rodata.curve_secp256r1)
    dfu_trans                                0x0007d244   Section        8  nrf_ble_dfu.o(dfu_trans)
    __tagsym$$used                           0x0007d244   Number         0  nrf_ble_dfu.o(dfu_trans)
    dfu_trans                                0x0007d244   Data           8  nrf_ble_dfu.o(dfu_trans)
    .ARM.__AT_0x0007E000                     0x0007e000   Section     4096  nrf_dfu_settings.o(.ARM.__AT_0x0007E000)
    __tagsym$$used                           0x0007e000   Number         0  nrf_dfu_settings.o(.ARM.__AT_0x0007E000)
    .ARM.__AT_0x0007F000                     0x0007f000   Section     4096  nrf_dfu_settings.o(.ARM.__AT_0x0007F000)
    __tagsym$$used                           0x0007f000   Number         0  nrf_dfu_settings.o(.ARM.__AT_0x0007F000)
    .ARM.__AT_0x10001014                     0x10001014   Section        4  nrf_bootloader_info.o(.ARM.__AT_0x10001014)
    .ARM.__AT_0x10001018                     0x10001018   Section        4  nrf_dfu_settings.o(.ARM.__AT_0x10001018)
    .data                                    0x20002c00   Section       36  dfu_req_handling.o(.data)
    cur_obj_type                             0x20002c00   Data           1  dfu_req_handling.o(.data)
    m_current_data_buffer                    0x20002c01   Data           1  dfu_req_handling.o(.data)
    m_valid_init_packet_present              0x20002c02   Data           1  dfu_req_handling.o(.data)
    m_data_buf_pos                           0x20002c04   Data           2  dfu_req_handling.o(.data)
    m_flash_operations_pending               0x20002c08   Data           4  dfu_req_handling.o(.data)
    m_firmware_start_addr                    0x20002c0c   Data           4  dfu_req_handling.o(.data)
    m_firmware_size_req                      0x20002c10   Data           4  dfu_req_handling.o(.data)
    crypto_sig                               0x20002c14   Data           8  dfu_req_handling.o(.data)
    hash_data                                0x20002c1c   Data           8  dfu_req_handling.o(.data)
    .data                                    0x20002c24   Section        4  drv_sx1509.o(.data)
    m_drv_sx1509                             0x20002c24   Data           4  drv_sx1509.o(.data)
    .data                                    0x20002c28   Section        8  twi_manager.o(.data)
    s_context_limit                          0x20002c28   Data           1  twi_manager.o(.data)
    s_collisions                             0x20002c2c   Data           4  twi_manager.o(.data)
    .data                                    0x20002c30   Section       20  drv_ext_light.o(.data)
    num_lights_curr_using_osc                0x20002c30   Data           1  drv_ext_light.o(.data)
    m_clkx_div                               0x20002c31   Data           1  drv_ext_light.o(.data)
    m_app_timer_prescaler                    0x20002c32   Data           1  drv_ext_light.o(.data)
    m_p_light_conf                           0x20002c34   Data           4  drv_ext_light.o(.data)
    m_p_drv_sx1509_cfg                       0x20002c38   Data           4  drv_ext_light.o(.data)
    m_clkx_tics_pr_sec                       0x20002c3c   Data           4  drv_ext_light.o(.data)
    m_num_lights                             0x20002c40   Data           4  drv_ext_light.o(.data)
    .data                                    0x20002c44   Section        8  sx150x_led_drv_calc.o(.data)
    m_initialized                            0x20002c44   Data           1  sx150x_led_drv_calc.o(.data)
    m_fade_supported_port_mask               0x20002c46   Data           2  sx150x_led_drv_calc.o(.data)
    m_clkx_tics_pr_sec                       0x20002c48   Data           4  sx150x_led_drv_calc.o(.data)
    .data                                    0x20002c4c   Section       20  ble_conn_params.o(.data)
    m_change_param                           0x20002c4c   Data           1  ble_conn_params.o(.data)
    m_update_count                           0x20002c4d   Data           1  ble_conn_params.o(.data)
    m_conn_handle                            0x20002c4e   Data           2  ble_conn_params.o(.data)
    m_preferred_conn_params                  0x20002c50   Data           8  ble_conn_params.o(.data)
    m_current_conn_params                    0x20002c58   Data           8  ble_conn_params.o(.data)
    .data                                    0x20002c60   Section       12  nrf_ble_dfu.o(.data)
    m_conn_handle                            0x20002c60   Data           2  nrf_ble_dfu.o(.data)
    m_pkt_notif_target                       0x20002c62   Data           2  nrf_ble_dfu.o(.data)
    m_pkt_notif_target_cnt                   0x20002c64   Data           2  nrf_ble_dfu.o(.data)
    m_flags                                  0x20002c68   Data           4  nrf_ble_dfu.o(.data)
    .data                                    0x20002c6c   Section        8  nrf_dfu.o(.data)
    my_led_0                                 0x20002c6c   Data           8  nrf_dfu.o(.data)
    .data                                    0x20002c74   Section        8  nrf_dfu.o(.data)
    my_led_1                                 0x20002c74   Data           8  nrf_dfu.o(.data)
    .data                                    0x20002c7c   Section       28  nrf_dfu.o(.data)
    sequence                                 0x20002c7c   Data          28  nrf_dfu.o(.data)
    .data                                    0x20002c98   Section        4  nrf_dfu_flash.o(.data)
    m_flags                                  0x20002c98   Data           4  nrf_dfu_flash.o(.data)
    .data                                    0x20002c9c   Section        8  nrf_dfu_settings.o(.data)
    flash_operation_pending                  0x20002c9c   Data           1  nrf_dfu_settings.o(.data)
    m_callback                               0x20002ca0   Data           4  nrf_dfu_settings.o(.data)
    .data                                    0x20002ca4   Section       16  app_scheduler.o(.data)
    m_queue_start_index                      0x20002ca4   Data           1  app_scheduler.o(.data)
    m_queue_end_index                        0x20002ca5   Data           1  app_scheduler.o(.data)
    m_queue_event_size                       0x20002ca6   Data           2  app_scheduler.o(.data)
    m_queue_size                             0x20002ca8   Data           2  app_scheduler.o(.data)
    m_queue_event_headers                    0x20002cac   Data           4  app_scheduler.o(.data)
    m_queue_event_data                       0x20002cb0   Data           4  app_scheduler.o(.data)
    .data                                    0x20002cb4   Section       32  app_timer.o(.data)
    m_ticks_elapsed_q_read_ind               0x20002cb4   Data           1  app_timer.o(.data)
    m_ticks_elapsed_q_write_ind              0x20002cb5   Data           1  app_timer.o(.data)
    m_rtc1_running                           0x20002cb6   Data           1  app_timer.o(.data)
    m_rtc1_reset                             0x20002cb7   Data           1  app_timer.o(.data)
    mp_timer_id_head                         0x20002cb8   Data           4  app_timer.o(.data)
    m_ticks_latest                           0x20002cbc   Data           4  app_timer.o(.data)
    m_evt_schedule_func                      0x20002cc0   Data           4  app_timer.o(.data)
    m_op_queue                               0x20002cc4   Data           8  app_timer.o(.data)
    m_ticks_elapsed                          0x20002ccc   Data           8  app_timer.o(.data)
    .data                                    0x20002cd4   Section        2  fstorage.o(.data)
    m_flags                                  0x20002cd4   Data           1  fstorage.o(.data)
    m_retry_count                            0x20002cd5   Data           1  fstorage.o(.data)
    .data                                    0x20002cd8   Section       20  softdevice_handler.o(.data)
    m_softdevice_enabled                     0x20002cd8   Data           1  softdevice_handler.o(.data)
    m_suspended                              0x20002cd9   Data           1  softdevice_handler.o(.data)
    m_ble_evt_buffer_size                    0x20002cda   Data           2  softdevice_handler.o(.data)
    m_evt_schedule_func                      0x20002cdc   Data           4  softdevice_handler.o(.data)
    mp_ble_evt_buffer                        0x20002ce0   Data           4  softdevice_handler.o(.data)
    m_ble_evt_handler                        0x20002ce4   Data           4  softdevice_handler.o(.data)
    m_sys_evt_handler                        0x20002ce8   Data           4  softdevice_handler.o(.data)
    .data                                    0x20002cec   Section        4  softdevice_handler_appsh.o(.data)
    evt_scheduled                            0x20002cec   Data           4  softdevice_handler_appsh.o(.data)
    .data                                    0x20002cf0   Section        4  system_nrf52.o(.data)
    __tagsym$$used                           0x20002cf0   Number         0  system_nrf52.o(.data)
    fs_data                                  0x20002cf4   Section       16  nrf_dfu_flash.o(fs_data)
    __tagsym$$used                           0x20002cf4   Number         0  nrf_dfu_flash.o(fs_data)
    fs_dfu_config                            0x20002cf4   Data          16  nrf_dfu_flash.o(fs_data)
    .bss                                     0x20002d04   Section     1436  dfu_req_handling.o(.bss)
    packet                                   0x20002d04   Data         300  dfu_req_handling.o(.bss)
    m_data_buf                               0x20002e30   Data        1024  dfu_req_handling.o(.bss)
    hash                                     0x20003230   Data          32  dfu_req_handling.o(.bss)
    sig                                      0x20003250   Data          64  dfu_req_handling.o(.bss)
    stream                                   0x20003290   Data          16  dfu_req_handling.o(.bss)
    .bss                                     0x200032a0   Section       40  nrf_drv_twi.o(.bss)
    m_cb                                     0x200032a0   Data          40  nrf_drv_twi.o(.bss)
    .bss                                     0x200032c8   Section       32  ble_conn_params.o(.bss)
    m_conn_params_timer_id_data              0x200032c8   Data          32  ble_conn_params.o(.bss)
    .bss                                     0x200032e8   Section       28  ble_conn_params.o(.bss)
    m_conn_params_config                     0x200032e8   Data          28  ble_conn_params.o(.bss)
    .bss                                     0x20003304   Section      367  nrf_ble_dfu.o(.bss)
    BLE_EVT_BUFFER                           0x20003304   Data         332  nrf_ble_dfu.o(.bss)
    m_dfu                                    0x20003450   Data          20  nrf_ble_dfu.o(.bss)
    m_notif_buffer                           0x20003464   Data          15  nrf_ble_dfu.o(.bss)
    .bss                                     0x20003474   Section       12  nrf_dfu.o(.bss)
    my_led_0_timings                         0x20003474   Data          12  nrf_dfu.o(.bss)
    .bss                                     0x20003480   Section       32  nrf_dfu.o(.bss)
    my_led_0_timer_data                      0x20003480   Data          32  nrf_dfu.o(.bss)
    .bss                                     0x200034a0   Section       12  nrf_dfu.o(.bss)
    my_led_1_timings                         0x200034a0   Data          12  nrf_dfu.o(.bss)
    .bss                                     0x200034ac   Section       32  nrf_dfu.o(.bss)
    my_led_1_timer_data                      0x200034ac   Data          32  nrf_dfu.o(.bss)
    .bss                                     0x200034cc   Section      456  nrf_dfu.o(.bss)
    APP_TIMER_BUF                            0x200034cc   Data         120  nrf_dfu.o(.bss)
    APP_SCHED_BUF                            0x20003544   Data         336  nrf_dfu.o(.bss)
    .bss                                     0x20003694   Section      696  nrf_dfu_settings.o(.bss)
    temp_dfu_settings                        0x20003694   Data         348  nrf_dfu_settings.o(.bss)
    .bss                                     0x2000394c   Section       12  app_util_platform.o(.bss)
    .bss                                     0x20003958   Section      104  fstorage.o(.bss)
    m_queue                                  0x20003958   Data         104  fstorage.o(.bss)
    .bss                                     0x200039c0   Section     1160  segger_rtt.o(.bss)
    _acUpBuffer                              0x200039c0   Data        1024  segger_rtt.o(.bss)
    _acDownBuffer                            0x20003dc0   Data          16  segger_rtt.o(.bss)
    STACK                                    0x20003e48   Section     8192  arm_startup_nrf52.o(STACK)

    Global Symbols

    Symbol Name                              Value     Ov Type        Size  Object(Section)

    BuildAttributes$$THM_ISAv4$E$P$D$K$B$S$7EM$VFPi3$EXTD16$VFPS$VFMA$PE$A:L22UL41UL21$X:L11$S22US41US21$IEEE1$IW$USESV6$~STKCKD$USESV7$~SHL$OTIME$ROPI$IEEEX$EBA8$MICROLIB$REQ8$PRES8$EABIv2 0x00000000   Number         0  anon$$obj.o ABSOLUTE
    __ARM_use_no_argv                        0x00000000   Number         0  main.o ABSOLUTE
    __cpp_initialize__aeabi_                  - Undefined Weak Reference
    __cxa_finalize                            - Undefined Weak Reference
    __decompress                              - Undefined Weak Reference
    _clock_init                               - Undefined Weak Reference
    _microlib_exit                            - Undefined Weak Reference
    __Vectors_Size                           0x00000400   Number         0  arm_startup_nrf52.o ABSOLUTE
    Image$$ER_IROM1$$Base                    0x00075000   Number         0  anon$$obj.o ABSOLUTE
    __Vectors                                0x00075000   Data           4  arm_startup_nrf52.o(RESET)
    __Vectors_End                            0x00075400   Data           0  arm_startup_nrf52.o(RESET)
    __main                                   0x00075401   Thumb Code     0  entry.o(.ARM.Collect$$$$00000000)
    _main_stk                                0x00075401   Thumb Code     0  entry2.o(.ARM.Collect$$$$00000001)
    _main_scatterload                        0x00075405   Thumb Code     0  entry5.o(.ARM.Collect$$$$00000004)
    __main_after_scatterload                 0x00075409   Thumb Code     0  entry5.o(.ARM.Collect$$$$00000004)
    _main_clock                              0x00075409   Thumb Code     0  entry7b.o(.ARM.Collect$$$$00000008)
    _main_cpp_init                           0x00075409   Thumb Code     0  entry8b.o(.ARM.Collect$$$$0000000A)
    _main_init                               0x00075409   Thumb Code     0  entry9a.o(.ARM.Collect$$$$0000000B)
    __rt_final_cpp                           0x00075411   Thumb Code     0  entry10a.o(.ARM.Collect$$$$0000000D)
    __rt_final_exit                          0x00075411   Thumb Code     0  entry11a.o(.ARM.Collect$$$$0000000F)
    __asm___26_nrf_bootloader_app_start_c_5c9f33f9__nrf_bootloader_app_start_impl 0x00075415   Thumb Code    52  nrf_bootloader_app_start.o(.emb_text)
    Reset_Handler                            0x00075449   Thumb Code     8  arm_startup_nrf52.o(.text)
    NMI_Handler                              0x00075451   Thumb Code     2  arm_startup_nrf52.o(.text)
    HardFault_Handler                        0x00075453   Thumb Code     2  arm_startup_nrf52.o(.text)
    MemoryManagement_Handler                 0x00075455   Thumb Code     2  arm_startup_nrf52.o(.text)
    BusFault_Handler                         0x00075457   Thumb Code     2  arm_startup_nrf52.o(.text)
    UsageFault_Handler                       0x00075459   Thumb Code     2  arm_startup_nrf52.o(.text)
    SVC_Handler                              0x0007545b   Thumb Code     2  arm_startup_nrf52.o(.text)
    DebugMon_Handler                         0x0007545d   Thumb Code     2  arm_startup_nrf52.o(.text)
    PendSV_Handler                           0x0007545f   Thumb Code     2  arm_startup_nrf52.o(.text)
    SysTick_Handler                          0x00075461   Thumb Code     2  arm_startup_nrf52.o(.text)
    CCM_AAR_IRQHandler                       0x00075463   Thumb Code     0  arm_startup_nrf52.o(.text)
    COMP_LPCOMP_IRQHandler                   0x00075463   Thumb Code     0  arm_startup_nrf52.o(.text)
    ECB_IRQHandler                           0x00075463   Thumb Code     0  arm_startup_nrf52.o(.text)
    FPU_IRQHandler                           0x00075463   Thumb Code     0  arm_startup_nrf52.o(.text)
    GPIOTE_IRQHandler                        0x00075463   Thumb Code     0  arm_startup_nrf52.o(.text)
    I2S_IRQHandler                           0x00075463   Thumb Code     0  arm_startup_nrf52.o(.text)
    MWU_IRQHandler                           0x00075463   Thumb Code     0  arm_startup_nrf52.o(.text)
    NFCT_IRQHandler                          0x00075463   Thumb Code     0  arm_startup_nrf52.o(.text)
    PDM_IRQHandler                           0x00075463   Thumb Code     0  arm_startup_nrf52.o(.text)
    POWER_CLOCK_IRQHandler                   0x00075463   Thumb Code     0  arm_startup_nrf52.o(.text)
    PWM0_IRQHandler                          0x00075463   Thumb Code     0  arm_startup_nrf52.o(.text)
    PWM1_IRQHandler                          0x00075463   Thumb Code     0  arm_startup_nrf52.o(.text)
    PWM2_IRQHandler                          0x00075463   Thumb Code     0  arm_startup_nrf52.o(.text)
    QDEC_IRQHandler                          0x00075463   Thumb Code     0  arm_startup_nrf52.o(.text)
    RADIO_IRQHandler                         0x00075463   Thumb Code     0  arm_startup_nrf52.o(.text)
    RNG_IRQHandler                           0x00075463   Thumb Code     0  arm_startup_nrf52.o(.text)
    RTC0_IRQHandler                          0x00075463   Thumb Code     0  arm_startup_nrf52.o(.text)
    RTC2_IRQHandler                          0x00075463   Thumb Code     0  arm_startup_nrf52.o(.text)
    SAADC_IRQHandler                         0x00075463   Thumb Code     0  arm_startup_nrf52.o(.text)
    SPIM1_SPIS1_TWIM1_TWIS1_SPI1_TWI1_IRQHandler 0x00075463   Thumb Code     0  arm_startup_nrf52.o(.text)
    SPIM2_SPIS2_SPI2_IRQHandler              0x00075463   Thumb Code     0  arm_startup_nrf52.o(.text)
    SWI1_EGU1_IRQHandler                     0x00075463   Thumb Code     0  arm_startup_nrf52.o(.text)
    SWI3_EGU3_IRQHandler                     0x00075463   Thumb Code     0  arm_startup_nrf52.o(.text)
    SWI4_EGU4_IRQHandler                     0x00075463   Thumb Code     0  arm_startup_nrf52.o(.text)
    SWI5_EGU5_IRQHandler                     0x00075463   Thumb Code     0  arm_startup_nrf52.o(.text)
    TEMP_IRQHandler                          0x00075463   Thumb Code     0  arm_startup_nrf52.o(.text)
    TIMER0_IRQHandler                        0x00075463   Thumb Code     0  arm_startup_nrf52.o(.text)
    TIMER1_IRQHandler                        0x00075463   Thumb Code     0  arm_startup_nrf52.o(.text)
    TIMER2_IRQHandler                        0x00075463   Thumb Code     0  arm_startup_nrf52.o(.text)
    TIMER3_IRQHandler                        0x00075463   Thumb Code     0  arm_startup_nrf52.o(.text)
    TIMER4_IRQHandler                        0x00075463   Thumb Code     0  arm_startup_nrf52.o(.text)
    UARTE0_UART0_IRQHandler                  0x00075463   Thumb Code     0  arm_startup_nrf52.o(.text)
    WDT_IRQHandler                           0x00075463   Thumb Code     0  arm_startup_nrf52.o(.text)
    __aeabi_uldivmod                         0x0007546d   Thumb Code    98  uldiv.o(.text)
    __aeabi_llsl                             0x000754cf   Thumb Code    30  llshl.o(.text)
    _ll_shift_l                              0x000754cf   Thumb Code     0  llshl.o(.text)
    __aeabi_memcpy                           0x000754ed   Thumb Code    36  memcpya.o(.text)
    __aeabi_memcpy4                          0x000754ed   Thumb Code     0  memcpya.o(.text)
    __aeabi_memcpy8                          0x000754ed   Thumb Code     0  memcpya.o(.text)
    __aeabi_memset                           0x00075511   Thumb Code    14  memseta.o(.text)
    __aeabi_memset4                          0x00075511   Thumb Code     0  memseta.o(.text)
    __aeabi_memset8                          0x00075511   Thumb Code     0  memseta.o(.text)
    __aeabi_memclr                           0x0007551f   Thumb Code     4  memseta.o(.text)
    __aeabi_memclr4                          0x0007551f   Thumb Code     0  memseta.o(.text)
    __aeabi_memclr8                          0x0007551f   Thumb Code     0  memseta.o(.text)
    memset                                   0x00075523   Thumb Code    18  memseta.o(.text)
    memcmp                                   0x00075535   Thumb Code    26  memcmp.o(.text)
    strcpy                                   0x0007554f   Thumb Code    18  strcpy.o(.text)
    __aeabi_d2uiz                            0x00075561   Thumb Code    50  dfixui.o(.text)
    __aeabi_f2d                              0x00075593   Thumb Code    38  f2d.o(.text)
    __aeabi_llsr                             0x000755b9   Thumb Code    32  llushr.o(.text)
    _ll_ushift_r                             0x000755b9   Thumb Code     0  llushr.o(.text)
    __I$use$fp                               0x000755d9   Thumb Code     0  iusefp.o(.text)
    __aeabi_dadd                             0x000755d9   Thumb Code   322  dadd.o(.text)
    __aeabi_dsub                             0x0007571b   Thumb Code     6  dadd.o(.text)
    __aeabi_drsub                            0x00075721   Thumb Code     6  dadd.o(.text)
    _drnd                                    0x00075729   Thumb Code   132  drnd.o(.text)
    __aeabi_cdcmpeq                          0x000757b1   Thumb Code     0  cdcmple.o(.text)
    __aeabi_cdcmple                          0x000757b1   Thumb Code    48  cdcmple.o(.text)
    __aeabi_cdrcmple                         0x000757e1   Thumb Code    48  cdrcmple.o(.text)
    __scatterload                            0x00075811   Thumb Code    28  init.o(.text)
    __scatterload_rt2                        0x00075811   Thumb Code     0  init.o(.text)
    __aeabi_lasr                             0x00075835   Thumb Code    36  llsshr.o(.text)
    _ll_sshift_r                             0x00075835   Thumb Code     0  llsshr.o(.text)
    _double_round                            0x00075859   Thumb Code    30  depilogue.o(.text)
    _double_epilogue                         0x00075877   Thumb Code   156  depilogue.o(.text)
    uECC_secp256r1                           0x00075c05   Thumb Code     8  micro_ecc_lib_uECC.c.o(.text.uECC_secp256r1)
    uECC_verify                              0x00075c0d   Thumb Code   724  micro_ecc_lib_uECC.c.o(.text.uECC_verify)
    uECC_vli_add                             0x00075ee1   Thumb Code    88  micro_ecc_lib_uECC.c.o(.text.uECC_vli_add)
    uECC_vli_clear                           0x00075f39   Thumb Code    24  micro_ecc_lib_uECC.c.o(.text.uECC_vli_clear)
    uECC_vli_equal                           0x00075f7b   Thumb Code    42  micro_ecc_lib_uECC.c.o(.text.uECC_vli_equal)
    uECC_vli_isZero                          0x00075fa5   Thumb Code    30  micro_ecc_lib_uECC.c.o(.text.uECC_vli_isZero)
    uECC_vli_mmod                            0x00075fc5   Thumb Code   316  micro_ecc_lib_uECC.c.o(.text.uECC_vli_mmod)
    uECC_vli_modAdd                          0x00076101   Thumb Code    50  micro_ecc_lib_uECC.c.o(.text.uECC_vli_modAdd)
    uECC_vli_modInv                          0x00076133   Thumb Code   268  micro_ecc_lib_uECC.c.o(.text.uECC_vli_modInv)
    uECC_vli_modMult                         0x0007623f   Thumb Code    36  micro_ecc_lib_uECC.c.o(.text.uECC_vli_modMult)
    uECC_vli_modMult_fast                    0x00076263   Thumb Code    32  micro_ecc_lib_uECC.c.o(.text.uECC_vli_modMult_fast)
    uECC_vli_modSquare_fast                  0x00076283   Thumb Code    32  micro_ecc_lib_uECC.c.o(.text.uECC_vli_modSquare_fast)
    uECC_vli_modSub                          0x000762a3   Thumb Code    36  micro_ecc_lib_uECC.c.o(.text.uECC_vli_modSub)
    uECC_vli_mult                            0x000762c7   Thumb Code   786  micro_ecc_lib_uECC.c.o(.text.uECC_vli_mult)
    uECC_vli_numBits                         0x000765d9   Thumb Code    68  micro_ecc_lib_uECC.c.o(.text.uECC_vli_numBits)
    uECC_vli_rshift1                         0x0007661d   Thumb Code    26  micro_ecc_lib_uECC.c.o(.text.uECC_vli_rshift1)
    uECC_vli_set                             0x00076637   Thumb Code    26  micro_ecc_lib_uECC.c.o(.text.uECC_vli_set)
    uECC_vli_square                          0x00076651   Thumb Code   652  micro_ecc_lib_uECC.c.o(.text.uECC_vli_square)
    uECC_vli_sub                             0x000768e1   Thumb Code    94  micro_ecc_lib_uECC.c.o(.text.uECC_vli_sub)
    uECC_vli_testBit                         0x00076941   Thumb Code    18  micro_ecc_lib_uECC.c.o(.text.uECC_vli_testBit)
    RTC1_IRQHandler                          0x00076c21   Thumb Code    32  app_timer.o(i.RTC1_IRQHandler)
    SEGGER_RTT_Write                         0x00076c45   Thumb Code    32  segger_rtt.o(i.SEGGER_RTT_Write)
    SEGGER_RTT_WriteNoLock                   0x00076c69   Thumb Code    86  segger_rtt.o(i.SEGGER_RTT_WriteNoLock)
    SEGGER_RTT_printf                        0x00076cc5   Thumb Code    22  segger_rtt_printf.o(i.SEGGER_RTT_printf)
    SEGGER_RTT_vprintf                       0x00076cdb   Thumb Code   406  segger_rtt_printf.o(i.SEGGER_RTT_vprintf)
    SPIM0_SPIS0_TWIM0_TWIS0_SPI0_TWI0_IRQHandler 0x00076e71   Thumb Code     8  nrf_drv_twi.o(i.SPIM0_SPIS0_TWIM0_TWIS0_SPI0_TWI0_IRQHandler)
    SWI0_EGU0_IRQHandler                     0x00076e81   Thumb Code     4  app_timer.o(i.SWI0_EGU0_IRQHandler)
    SWI2_EGU2_IRQHandler                     0x00076e85   Thumb Code    32  softdevice_handler.o(i.SWI2_EGU2_IRQHandler)
    SystemInit                               0x00076ea9   Thumb Code   610  system_nrf52.o(i.SystemInit)
    __hardfp_round                           0x00077439   Thumb Code   194  round.o(i.__hardfp_round)
    __scatterload_copy                       0x00077519   Thumb Code    14  handlers.o(i.__scatterload_copy)
    __scatterload_null                       0x00077527   Thumb Code     2  handlers.o(i.__scatterload_null)
    __scatterload_zeroinit                   0x00077529   Thumb Code    14  handlers.o(i.__scatterload_zeroinit)
    adv_data_encode                          0x0007755d   Thumb Code   386  ble_advdata.o(i.adv_data_encode)
    app_error_fault_handler                  0x00077761   Thumb Code     4  main.o(i.app_error_fault_handler)
    app_error_handler_bare                   0x00077765   Thumb Code     4  main.o(i.app_error_handler_bare)
    app_sched_event_put                      0x00077769   Thumb Code   154  app_scheduler.o(i.app_sched_event_put)
    app_sched_execute                        0x00077809   Thumb Code    58  app_scheduler.o(i.app_sched_execute)
    app_sched_init                           0x00077849   Thumb Code    40  app_scheduler.o(i.app_sched_init)
    app_timer_create                         0x00077875   Thumb Code    32  app_timer.o(i.app_timer_create)
    app_timer_evt_schedule                   0x000778b1   Thumb Code    18  app_timer_appsh.o(i.app_timer_evt_schedule)
    app_timer_init                           0x000778c9   Thumb Code   102  app_timer.o(i.app_timer_init)
    app_timer_start                          0x00077939   Thumb Code   128  app_timer.o(i.app_timer_start)
    app_timer_stop                           0x000779c1   Thumb Code    26  app_timer.o(i.app_timer_stop)
    app_util_critical_region_enter           0x000779e1   Thumb Code    64  app_util_platform.o(i.app_util_critical_region_enter)
    app_util_critical_region_exit            0x00077a29   Thumb Code    46  app_util_platform.o(i.app_util_critical_region_exit)
    ble_advdata_set                          0x00077a5d   Thumb Code   104  ble_advdata.o(i.ble_advdata_set)
    ble_conn_params_init                     0x00077ac5   Thumb Code    72  ble_conn_params.o(i.ble_conn_params_init)
    ble_conn_params_on_ble_evt               0x00077b1d   Thumb Code   120  ble_conn_params.o(i.ble_conn_params_on_ble_evt)
    ble_conn_params_stop                     0x00077ba1   Thumb Code     8  ble_conn_params.o(i.ble_conn_params_stop)
    ble_dfu_init                             0x00077c0d   Thumb Code    98  nrf_ble_dfu.o(i.ble_dfu_init)
    ble_dfu_transport_close                  0x00077c79   Thumb Code    76  nrf_ble_dfu.o(i.ble_dfu_transport_close)
    ble_dfu_transport_init                   0x00077ccd   Thumb Code   162  nrf_ble_dfu.o(i.ble_dfu_transport_init)
    ble_srv_is_notification_enabled          0x00077d9f   Thumb Code     8  ble_srv_common.o(i.ble_srv_is_notification_enabled)
    crc32_compute                            0x00077f79   Thumb Code    54  crc32.o(i.crc32_compute)
    drv_ext_light_init                       0x00078495   Thumb Code   616  drv_ext_light.o(i.drv_ext_light_init)
    drv_ext_light_rgb_sequence               0x00078739   Thumb Code    78  drv_ext_light.o(i.drv_ext_light_rgb_sequence)
    drv_sx1509_clock_modify                  0x000787bd   Thumb Code    48  drv_sx1509.o(i.drv_sx1509_clock_modify)
    drv_sx1509_close                         0x000787ed   Thumb Code    32  drv_sx1509.o(i.drv_sx1509_close)
    drv_sx1509_data_modify                   0x00078811   Thumb Code    46  drv_sx1509.o(i.drv_sx1509_data_modify)
    drv_sx1509_dir_modify                    0x0007883f   Thumb Code    46  drv_sx1509.o(i.drv_sx1509_dir_modify)
    drv_sx1509_init                          0x0007886d   Thumb Code     8  drv_sx1509.o(i.drv_sx1509_init)
    drv_sx1509_inpbufdisable_modify          0x00078879   Thumb Code    46  drv_sx1509.o(i.drv_sx1509_inpbufdisable_modify)
    drv_sx1509_leddriverenable_modify        0x000788a7   Thumb Code    46  drv_sx1509.o(i.drv_sx1509_leddriverenable_modify)
    drv_sx1509_misc_modify                   0x000788d5   Thumb Code    32  drv_sx1509.o(i.drv_sx1509_misc_modify)
    drv_sx1509_onoffcfgx_modify              0x000788f5   Thumb Code    98  drv_sx1509.o(i.drv_sx1509_onoffcfgx_modify)
    drv_sx1509_open                          0x00078959   Thumb Code    40  drv_sx1509.o(i.drv_sx1509_open)
    drv_sx1509_opendrain_modify              0x00078985   Thumb Code    46  drv_sx1509.o(i.drv_sx1509_opendrain_modify)
    drv_sx1509_pulldown_modify               0x000789b3   Thumb Code    46  drv_sx1509.o(i.drv_sx1509_pulldown_modify)
    drv_sx1509_pullup_modify                 0x000789e1   Thumb Code    46  drv_sx1509.o(i.drv_sx1509_pullup_modify)
    drv_sx1509_reset                         0x00078a11   Thumb Code    46  drv_sx1509.o(i.drv_sx1509_reset)
    drv_sx1509_risefallcfgx_modify           0x00078a45   Thumb Code    78  drv_sx1509.o(i.drv_sx1509_risefallcfgx_modify)
    ecc_p256_verify                          0x00078a93   Thumb Code    74  ecc.o(i.ecc_p256_verify)
    fs_erase                                 0x00078b1d   Thumb Code   110  fstorage.o(i.fs_erase)
    fs_fake_init                             0x00078bb9   Thumb Code    14  fstorage.o(i.fs_fake_init)
    fs_store                                 0x00078bcd   Thumb Code   124  fstorage.o(i.fs_store)
    fs_sys_event_handler                     0x00078c4d   Thumb Code    96  fstorage.o(i.fs_sys_event_handler)
    intern_softdevice_events_execute         0x00078d25   Thumb Code   118  softdevice_handler.o(i.intern_softdevice_events_execute)
    main                                     0x0007991d   Thumb Code    74  main.o(i.main)
    nrf_bootloader_app_start                 0x00079a99   Thumb Code    42  nrf_bootloader_app_start.o(i.nrf_bootloader_app_start)
    nrf_bootloader_init                      0x00079ac3   Thumb Code     8  nrf_bootloader.o(i.nrf_bootloader_init)
    nrf_crypto_hash_compute                  0x00079acb   Thumb Code    76  nrf_crypto.o(i.nrf_crypto_hash_compute)
    nrf_crypto_verify                        0x00079b17   Thumb Code    46  nrf_crypto.o(i.nrf_crypto_verify)
    nrf_dfu_app_is_valid                     0x00079f39   Thumb Code    42  nrf_dfu_utils.o(i.nrf_dfu_app_is_valid)
    nrf_dfu_continue                         0x0007a0b9   Thumb Code    46  nrf_dfu_utils.o(i.nrf_dfu_continue)
    nrf_dfu_enter_check                      0x0007a3c9   Thumb Code    48  nrf_dfu.o(i.nrf_dfu_enter_check)
    nrf_dfu_find_cache                       0x0007a405   Thumb Code   102  nrf_dfu_utils.o(i.nrf_dfu_find_cache)
    nrf_dfu_flash_erase                      0x0007a471   Thumb Code   140  nrf_dfu_flash.o(i.nrf_dfu_flash_erase)
    nrf_dfu_flash_init                       0x0007a509   Thumb Code    36  nrf_dfu_flash.o(i.nrf_dfu_flash_init)
    nrf_dfu_flash_store                      0x0007a535   Thumb Code   132  nrf_dfu_flash.o(i.nrf_dfu_flash_store)
    nrf_dfu_init                             0x0007a5c1   Thumb Code   146  nrf_dfu.o(i.nrf_dfu_init)
    nrf_dfu_mbr_compare                      0x0007a681   Thumb Code    24  nrf_dfu_mbr.o(i.nrf_dfu_mbr_compare)
    nrf_dfu_mbr_copy_bl                      0x0007a69d   Thumb Code    22  nrf_dfu_mbr.o(i.nrf_dfu_mbr_copy_bl)
    nrf_dfu_mbr_copy_sd                      0x0007a6b5   Thumb Code    32  nrf_dfu_mbr.o(i.nrf_dfu_mbr_copy_sd)
    nrf_dfu_mbr_init_sd                      0x0007a6d9   Thumb Code    18  nrf_dfu_mbr.o(i.nrf_dfu_mbr_init_sd)
    nrf_dfu_req_handler_init                 0x0007a7f9   Thumb Code    70  dfu_req_handling.o(i.nrf_dfu_req_handler_init)
    nrf_dfu_req_handler_on_req               0x0007a849   Thumb Code    58  dfu_req_handling.o(i.nrf_dfu_req_handler_on_req)
    nrf_dfu_settings_calculate_crc           0x0007a909   Thumb Code    10  nrf_dfu_settings.o(i.nrf_dfu_settings_calculate_crc)
    nrf_dfu_settings_init                    0x0007a919   Thumb Code    64  nrf_dfu_settings.o(i.nrf_dfu_settings_init)
    nrf_dfu_settings_write                   0x0007a965   Thumb Code    70  nrf_dfu_settings.o(i.nrf_dfu_settings_write)
    nrf_dfu_transports_close                 0x0007a9c1   Thumb Code    36  nrf_dfu_transport.o(i.nrf_dfu_transports_close)
    nrf_dfu_transports_init                  0x0007a9ed   Thumb Code    34  nrf_dfu_transport.o(i.nrf_dfu_transports_init)
    nrf_dfu_wait                             0x0007aa19   Thumb Code     4  nrf_dfu.o(i.nrf_dfu_wait)
    nrf_drv_common_irq_enable                0x0007aa1d   Thumb Code    56  nrf_drv_common.o(i.nrf_drv_common_irq_enable)
    nrf_drv_twi_disable                      0x0007aa55   Thumb Code    44  nrf_drv_twi.o(i.nrf_drv_twi_disable)
    nrf_drv_twi_enable                       0x0007aa85   Thumb Code    28  nrf_drv_twi.o(i.nrf_drv_twi_enable)
    nrf_drv_twi_init                         0x0007aaa5   Thumb Code   134  nrf_drv_twi.o(i.nrf_drv_twi_init)
    nrf_drv_twi_rx                           0x0007ab31   Thumb Code    32  nrf_drv_twi.o(i.nrf_drv_twi_rx)
    nrf_drv_twi_tx                           0x0007ab55   Thumb Code    36  nrf_drv_twi.o(i.nrf_drv_twi_tx)
    nrf_drv_twi_uninit                       0x0007ab79   Thumb Code   102  nrf_drv_twi.o(i.nrf_drv_twi_uninit)
    nrf_drv_twi_xfer                         0x0007abe5   Thumb Code    40  nrf_drv_twi.o(i.nrf_drv_twi_xfer)
    nrf_nvmc_page_erase                      0x0007ac45   Thumb Code    38  nrf_nvmc.o(i.nrf_nvmc_page_erase)
    nrf_nvmc_write_words                     0x0007ac75   Thumb Code    52  nrf_nvmc.o(i.nrf_nvmc_write_words)
    pb_decode                                0x0007b6bb   Thumb Code    30  pb_decode.o(i.pb_decode)
    pb_decode_fixed32                        0x0007b6d9   Thumb Code    32  pb_decode.o(i.pb_decode_fixed32)
    pb_decode_fixed64                        0x0007b6f9   Thumb Code    92  pb_decode.o(i.pb_decode_fixed64)
    pb_decode_noinit                         0x0007b755   Thumb Code   390  pb_decode.o(i.pb_decode_noinit)
    pb_decode_svarint                        0x0007b8db   Thumb Code    58  pb_decode.o(i.pb_decode_svarint)
    pb_decode_tag                            0x0007b915   Thumb Code    60  pb_decode.o(i.pb_decode_tag)
    pb_decode_varint                         0x0007b951   Thumb Code    74  pb_decode.o(i.pb_decode_varint)
    pb_field_iter_begin                      0x0007ba0d   Thumb Code    34  pb_common.o(i.pb_field_iter_begin)
    pb_field_iter_find                       0x0007ba2f   Thumb Code    46  pb_common.o(i.pb_field_iter_find)
    pb_field_iter_next                       0x0007ba5d   Thumb Code   128  pb_common.o(i.pb_field_iter_next)
    pb_istream_from_buffer                   0x0007bb81   Thumb Code    14  pb_decode.o(i.pb_istream_from_buffer)
    pb_make_string_substream                 0x0007bb95   Thumb Code    54  pb_decode.o(i.pb_make_string_substream)
    pb_read                                  0x0007bbf1   Thumb Code    84  pb_decode.o(i.pb_read)
    pb_skip_field                            0x0007bc69   Thumb Code    90  pb_decode.o(i.pb_skip_field)
    sha256_final                             0x0007c19d   Thumb Code   272  sha256.o(i.sha256_final)
    sha256_init                              0x0007c2ad   Thumb Code    50  sha256.o(i.sha256_init)
    sha256_transform                         0x0007c301   Thumb Code   294  sha256.o(i.sha256_transform)
    sha256_update                            0x0007c42d   Thumb Code    84  sha256.o(i.sha256_update)
    softdevice_ble_evt_handler_set           0x0007c481   Thumb Code    14  softdevice_handler.o(i.softdevice_ble_evt_handler_set)
    softdevice_enable                        0x0007c495   Thumb Code    14  softdevice_handler.o(i.softdevice_enable)
    softdevice_enable_get_default_config     0x0007c4a9   Thumb Code    38  softdevice_handler.o(i.softdevice_enable_get_default_config)
    softdevice_evt_get                       0x0007c4d1   Thumb Code    34  softdevice_handler_appsh.o(i.softdevice_evt_get)
    softdevice_evt_schedule                  0x0007c4f9   Thumb Code    36  softdevice_handler_appsh.o(i.softdevice_evt_schedule)
    softdevice_fault_handler                 0x0007c525   Thumb Code     4  softdevice_handler.o(i.softdevice_fault_handler)
    softdevice_handler_init                  0x0007c529   Thumb Code    42  softdevice_handler.o(i.softdevice_handler_init)
    softdevice_sys_evt_handler_set           0x0007c55d   Thumb Code    14  softdevice_handler.o(i.softdevice_sys_evt_handler_set)
    sx150x_led_drv_calc_convert              0x0007c571   Thumb Code   128  sx150x_led_drv_calc.o(i.sx150x_led_drv_calc_convert)
    sx150x_led_drv_calc_fade_supp            0x0007c5f9   Thumb Code    24  sx150x_led_drv_calc.o(i.sx150x_led_drv_calc_fade_supp)
    sx150x_led_drv_calc_init                 0x0007c615   Thumb Code    22  sx150x_led_drv_calc.o(i.sx150x_led_drv_calc_init)
    twi_manager_request                      0x0007c875   Thumb Code    76  twi_manager.o(i.twi_manager_request)
    dfu_init_command_is_debug_default        0x0007cd62   Data           1  dfu-cc.pb.o(.constdata)
    dfu_hash_fields                          0x0007cd64   Data          36  dfu-cc.pb.o(.constdata)
    dfu_init_command_fields                  0x0007cd88   Data         120  dfu-cc.pb.o(.constdata)
    dfu_reset_command_fields                 0x0007ce00   Data          24  dfu-cc.pb.o(.constdata)
    dfu_command_fields                       0x0007ce18   Data          48  dfu-cc.pb.o(.constdata)
    dfu_signed_command_fields                0x0007ce48   Data          48  dfu-cc.pb.o(.constdata)
    dfu_packet_fields                        0x0007ce78   Data          36  dfu-cc.pb.o(.constdata)
    pk                                       0x0007cf0c   Data          64  dfu_public_key.o(.constdata)
    Region$$Table$$Base                      0x0007d224   Number         0  anon$$obj.o(Region$$Table)
    Region$$Table$$Limit                     0x0007d244   Number         0  anon$$obj.o(Region$$Table)
    dfu_trans$$Base                          0x0007d244   Number         0  nrf_ble_dfu.o(dfu_trans)
    dfu_trans$$Limit                         0x0007d24c   Number         0  nrf_ble_dfu.o(dfu_trans)
    m_mbr_params_page                        0x0007e000   Data        4096  nrf_dfu_settings.o(.ARM.__AT_0x0007E000)
    m_dfu_settings_buffer                    0x0007f000   Data        4096  nrf_dfu_settings.o(.ARM.__AT_0x0007F000)
    m_uicr_bootloader_start_address          0x10001014   Data           4  nrf_bootloader_info.o(.ARM.__AT_0x10001014)
    m_uicr_mbr_params_page_address           0x10001018   Data           4  nrf_dfu_settings.o(.ARM.__AT_0x10001018)
    Image$$RW_IRAM1$$Base                    0x20002c00   Number         0  anon$$obj.o ABSOLUTE
    SystemCoreClock                          0x20002cf0   Data           4  system_nrf52.o(.data)
    fs_data$$Base                            0x20002cf4   Number         0  nrf_dfu_flash.o(fs_data)
    fs_data$$Limit                           0x20002d04   Number         0  nrf_dfu_flash.o(fs_data)
    s_dfu_settings                           0x200037f0   Data         348  nrf_dfu_settings.o(.bss)
    nrf_nvic_state                           0x2000394c   Data          12  app_util_platform.o(.bss)
    _SEGGER_RTT                              0x20003dd0   Data         120  segger_rtt.o(.bss)
    __initial_sp                             0x20005e48   Data           0  arm_startup_nrf52.o(STACK)



==============================================================================

Memory Map of the image

  Image Entry point : 0x00075401

  Load Region LR_IROM1 (Base: 0x00075000, Size: 0x00008350, Max: 0x00009000, ABSOLUTE)

    Execution Region ER_IROM1 (Base: 0x00075000, Size: 0x0000824c, Max: 0x00009000, ABSOLUTE)

    Base Addr    Size         Type   Attr      Idx    E Section Name        Object

    0x00075000   0x00000400   Data   RO         3636    RESET               arm_startup_nrf52.o
    0x00075400   0x00000000   Code   RO         3789  * .ARM.Collect$$$$00000000  mc_w.l(entry.o)
    0x00075400   0x00000004   Code   RO         3821    .ARM.Collect$$$$00000001  mc_w.l(entry2.o)
    0x00075404   0x00000004   Code   RO         3824    .ARM.Collect$$$$00000004  mc_w.l(entry5.o)
    0x00075408   0x00000000   Code   RO         3826    .ARM.Collect$$$$00000008  mc_w.l(entry7b.o)
    0x00075408   0x00000000   Code   RO         3828    .ARM.Collect$$$$0000000A  mc_w.l(entry8b.o)
    0x00075408   0x00000008   Code   RO         3829    .ARM.Collect$$$$0000000B  mc_w.l(entry9a.o)
    0x00075410   0x00000000   Code   RO         3831    .ARM.Collect$$$$0000000D  mc_w.l(entry10a.o)
    0x00075410   0x00000000   Code   RO         3833    .ARM.Collect$$$$0000000F  mc_w.l(entry11a.o)
    0x00075410   0x00000004   Code   RO         3822    .ARM.Collect$$$$00002712  mc_w.l(entry2.o)
    0x00075414   0x00000034   Code   RO         1704    .emb_text           nrf_bootloader_app_start.o
    0x00075448   0x00000024   Code   RO         3637    .text               arm_startup_nrf52.o
    0x0007546c   0x00000062   Code   RO         3797    .text               mc_w.l(uldiv.o)
    0x000754ce   0x0000001e   Code   RO         3799    .text               mc_w.l(llshl.o)
    0x000754ec   0x00000024   Code   RO         3801    .text               mc_w.l(memcpya.o)
    0x00075510   0x00000024   Code   RO         3805    .text               mc_w.l(memseta.o)
    0x00075534   0x0000001a   Code   RO         3811    .text               mc_w.l(memcmp.o)
    0x0007554e   0x00000012   Code   RO         3813    .text               mc_w.l(strcpy.o)
    0x00075560   0x00000032   Code   RO         3817    .text               mf_w.l(dfixui.o)
    0x00075592   0x00000026   Code   RO         3819    .text               mf_w.l(f2d.o)
    0x000755b8   0x00000020   Code   RO         3836    .text               mc_w.l(llushr.o)
    0x000755d8   0x00000000   Code   RO         3838    .text               mc_w.l(iusefp.o)
    0x000755d8   0x0000014e   Code   RO         3840    .text               mf_w.l(dadd.o)
    0x00075726   0x00000002   PAD
    0x00075728   0x00000088   Code   RO         3842    .text               mf_w.l(drnd.o)
    0x000757b0   0x00000030   Code   RO         3844    .text               mf_w.l(cdcmple.o)
    0x000757e0   0x00000030   Code   RO         3846    .text               mf_w.l(cdrcmple.o)
    0x00075810   0x00000024   Code   RO         3848    .text               mc_w.l(init.o)
    0x00075834   0x00000024   Code   RO         3850    .text               mc_w.l(llsshr.o)
    0x00075858   0x000000ba   Code   RO         3852    .text               mf_w.l(depilogue.o)
    0x00075912   0x000000ca   Code   RO         3724    .text.XYcZ_add      micro_ecc_lib_nrf52.lib(micro_ecc_lib_uECC.c.o)
    0x000759dc   0x0000003e   Code   RO         3725    .text.apply_z       micro_ecc_lib_nrf52.lib(micro_ecc_lib_uECC.c.o)
    0x00075a1a   0x0000000c   Code   RO         3680    .text.bcopy         micro_ecc_lib_nrf52.lib(micro_ecc_lib_uECC.c.o)
    0x00075a26   0x00000088   Code   RO         3697    .text.bits2int      micro_ecc_lib_nrf52.lib(micro_ecc_lib_uECC.c.o)
    0x00075aae   0x00000154   Code   RO         3720    .text.double_jacobian_default  micro_ecc_lib_nrf52.lib(micro_ecc_lib_uECC.c.o)
    0x00075c02   0x00000002   PAD
    0x00075c04   0x00000008   Code   RO         3732    .text.uECC_secp256r1  micro_ecc_lib_nrf52.lib(micro_ecc_lib_uECC.c.o)
    0x00075c0c   0x000002d4   Code   RO         3745    .text.uECC_verify   micro_ecc_lib_nrf52.lib(micro_ecc_lib_uECC.c.o)
    0x00075ee0   0x00000058   Code   RO         3686    .text.uECC_vli_add  micro_ecc_lib_nrf52.lib(micro_ecc_lib_uECC.c.o)
    0x00075f38   0x00000018   Code   RO         3695    .text.uECC_vli_clear  micro_ecc_lib_nrf52.lib(micro_ecc_lib_uECC.c.o)
    0x00075f50   0x0000002a   Code   RO         3681    .text.uECC_vli_cmp_unsafe  micro_ecc_lib_nrf52.lib(micro_ecc_lib_uECC.c.o)
    0x00075f7a   0x0000002a   Code   RO         3706    .text.uECC_vli_equal  micro_ecc_lib_nrf52.lib(micro_ecc_lib_uECC.c.o)
    0x00075fa4   0x0000001e   Code   RO         3698    .text.uECC_vli_isZero  micro_ecc_lib_nrf52.lib(micro_ecc_lib_uECC.c.o)
    0x00075fc2   0x00000002   PAD
    0x00075fc4   0x0000013c   Code   RO         3714    .text.uECC_vli_mmod  micro_ecc_lib_nrf52.lib(micro_ecc_lib_uECC.c.o)
    0x00076100   0x00000032   Code   RO         3712    .text.uECC_vli_modAdd  micro_ecc_lib_nrf52.lib(micro_ecc_lib_uECC.c.o)
    0x00076132   0x0000010c   Code   RO         3726    .text.uECC_vli_modInv  micro_ecc_lib_nrf52.lib(micro_ecc_lib_uECC.c.o)
    0x0007623e   0x00000024   Code   RO         3715    .text.uECC_vli_modMult  micro_ecc_lib_nrf52.lib(micro_ecc_lib_uECC.c.o)
    0x00076262   0x00000020   Code   RO         3716    .text.uECC_vli_modMult_fast  micro_ecc_lib_nrf52.lib(micro_ecc_lib_uECC.c.o)
    0x00076282   0x00000020   Code   RO         3718    .text.uECC_vli_modSquare_fast  micro_ecc_lib_nrf52.lib(micro_ecc_lib_uECC.c.o)
    0x000762a2   0x00000024   Code   RO         3713    .text.uECC_vli_modSub  micro_ecc_lib_nrf52.lib(micro_ecc_lib_uECC.c.o)
    0x000762c6   0x00000312   Code   RO         3689    .text.uECC_vli_mult  micro_ecc_lib_nrf52.lib(micro_ecc_lib_uECC.c.o)
    0x000765d8   0x00000044   Code   RO         3701    .text.uECC_vli_numBits  micro_ecc_lib_nrf52.lib(micro_ecc_lib_uECC.c.o)
    0x0007661c   0x0000001a   Code   RO         3708    .text.uECC_vli_rshift1  micro_ecc_lib_nrf52.lib(micro_ecc_lib_uECC.c.o)
    0x00076636   0x0000001a   Code   RO         3702    .text.uECC_vli_set  micro_ecc_lib_nrf52.lib(micro_ecc_lib_uECC.c.o)
    0x00076650   0x0000028c   Code   RO         3690    .text.uECC_vli_square  micro_ecc_lib_nrf52.lib(micro_ecc_lib_uECC.c.o)
    0x000768dc   0x00000004   PAD
    0x000768e0   0x00000060   Code   RO         3688    .text.uECC_vli_sub  micro_ecc_lib_nrf52.lib(micro_ecc_lib_uECC.c.o)
    0x00076940   0x00000012   Code   RO         3699    .text.uECC_vli_testBit  micro_ecc_lib_nrf52.lib(micro_ecc_lib_uECC.c.o)
    0x00076952   0x00000002   PAD
    0x00076954   0x000001b0   Code   RO         3705    .text.vli_mmod_fast_secp256r1  micro_ecc_lib_nrf52.lib(micro_ecc_lib_uECC.c.o)
    0x00076b04   0x0000003a   Code   RO         3709    .text.vli_modInv_update  micro_ecc_lib_nrf52.lib(micro_ecc_lib_uECC.c.o)
    0x00076b3e   0x0000005a   Code   RO         3719    .text.x_side_default  micro_ecc_lib_nrf52.lib(micro_ecc_lib_uECC.c.o)
    0x00076b98   0x00000016   Code   RO         2410    i.NVIC_ClearPendingIRQ  app_timer.o
    0x00076bae   0x00000016   Code   RO         2411    i.NVIC_EnableIRQ    app_timer.o
    0x00076bc4   0x00000016   Code   RO         2412    i.NVIC_SetPendingIRQ  app_timer.o
    0x00076bda   0x00000020   Code   RO         2413    i.NVIC_SetPriority  app_timer.o
    0x00076bfa   0x00000002   PAD
    0x00076bfc   0x00000024   Code   RO          316    i.NVIC_SystemReset  main.o
    0x00076c20   0x00000024   Code   RO         2414    i.RTC1_IRQHandler   app_timer.o
    0x00076c44   0x00000024   Code   RO         3472    i.SEGGER_RTT_Write  segger_rtt.o
    0x00076c68   0x0000005c   Code   RO         3473    i.SEGGER_RTT_WriteNoLock  segger_rtt.o
    0x00076cc4   0x00000016   Code   RO         3597    i.SEGGER_RTT_printf  segger_rtt_printf.o
    0x00076cda   0x00000196   Code   RO         3598    i.SEGGER_RTT_vprintf  segger_rtt_printf.o
    0x00076e70   0x00000010   Code   RO          882    i.SPIM0_SPIS0_TWIM0_TWIS0_SPI0_TWI0_IRQHandler  nrf_drv_twi.o
    0x00076e80   0x00000004   Code   RO         2415    i.SWI0_EGU0_IRQHandler  app_timer.o
    0x00076e84   0x00000024   Code   RO         3013    i.SWI2_EGU2_IRQHandler  softdevice_handler.o
    0x00076ea8   0x0000029c   Code   RO         3645    i.SystemInit        system_nrf52.o
    0x00077144   0x00000068   Code   RO         3476    i._DoInit           segger_rtt.o
    0x000771ac   0x00000016   Code   RO         3477    i._GetAvailWriteSpace  segger_rtt.o
    0x000771c2   0x00000002   PAD
    0x000771c4   0x000000c6   Code   RO         3599    i._PrintInt         segger_rtt_printf.o
    0x0007728a   0x00000002   PAD
    0x0007728c   0x000000d4   Code   RO         3600    i._PrintUnsigned    segger_rtt_printf.o
    0x00077360   0x0000003e   Code   RO         3601    i._StoreChar        segger_rtt_printf.o
    0x0007739e   0x0000005a   Code   RO         3479    i._WriteBlocking    segger_rtt.o
    0x000773f8   0x0000003e   Code   RO         3480    i._WriteNoCheck     segger_rtt.o
    0x00077436   0x00000002   PAD
    0x00077438   0x000000e0   Code   RO         3785    i.__hardfp_round    m_wm.l(round.o)
    0x00077518   0x0000000e   Code   RO         3856    i.__scatterload_copy  mc_w.l(handlers.o)
    0x00077526   0x00000002   Code   RO         3857    i.__scatterload_null  mc_w.l(handlers.o)
    0x00077528   0x0000000e   Code   RO         3858    i.__scatterload_zeroinit  mc_w.l(handlers.o)
    0x00077536   0x00000002   PAD
    0x00077538   0x00000024   Code   RO         3014    i.__sd_nvic_app_accessible_irq  softdevice_handler.o
    0x0007755c   0x00000182   Code   RO         1256    i.adv_data_encode   ble_advdata.o
    0x000776de   0x00000002   PAD
    0x000776e0   0x00000080   Code   RO         1507    i.advertising_start  nrf_ble_dfu.o
    0x00077760   0x00000004   Code   RO          317    i.app_error_fault_handler  main.o
    0x00077764   0x00000004   Code   RO          318    i.app_error_handler_bare  main.o
    0x00077768   0x000000a0   Code   RO         2359    i.app_sched_event_put  app_scheduler.o
    0x00077808   0x00000040   Code   RO         2360    i.app_sched_execute  app_scheduler.o
    0x00077848   0x0000002c   Code   RO         2361    i.app_sched_init    app_scheduler.o
    0x00077874   0x00000024   Code   RO         2418    i.app_timer_create  app_timer.o
    0x00077898   0x00000018   Code   RO         2563    i.app_timer_evt_get  app_timer_appsh.o
    0x000778b0   0x00000018   Code   RO         2564    i.app_timer_evt_schedule  app_timer_appsh.o
    0x000778c8   0x00000070   Code   RO         2419    i.app_timer_init    app_timer.o
    0x00077938   0x00000088   Code   RO         2420    i.app_timer_start   app_timer.o
    0x000779c0   0x00000020   Code   RO         2421    i.app_timer_stop    app_timer.o
    0x000779e0   0x00000048   Code   RO         2592    i.app_util_critical_region_enter  app_util_platform.o
    0x00077a28   0x00000034   Code   RO         2593    i.app_util_critical_region_exit  app_util_platform.o
    0x00077a5c   0x00000068   Code   RO         1257    i.ble_advdata_set   ble_advdata.o
    0x00077ac4   0x00000058   Code   RO         1373    i.ble_conn_params_init  ble_conn_params.o
    0x00077b1c   0x00000084   Code   RO         1374    i.ble_conn_params_on_ble_evt  ble_conn_params.o
    0x00077ba0   0x0000000c   Code   RO         1375    i.ble_conn_params_stop  ble_conn_params.o
    0x00077bac   0x00000060   Code   RO         1258    i.ble_device_addr_encode  ble_advdata.o
    0x00077c0c   0x0000006c   Code   RO         1508    i.ble_dfu_init      nrf_ble_dfu.o
    0x00077c78   0x00000054   Code   RO         1509    i.ble_dfu_transport_close  nrf_ble_dfu.o
    0x00077ccc   0x000000c0   Code   RO         1510    i.ble_dfu_transport_init  nrf_ble_dfu.o
    0x00077d8c   0x00000012   Code   RO         1511    i.ble_evt_dispatch  nrf_ble_dfu.o
    0x00077d9e   0x00000008   Code   RO         1446    i.ble_srv_is_notification_enabled  ble_srv_common.o
    0x00077da6   0x0000001c   Code   RO         3195    i.buf_read          pb_decode.o
    0x00077dc2   0x00000002   PAD
    0x00077dc4   0x00000020   Code   RO         2729    i.check_config      fstorage.o
    0x00077de4   0x000000ac   Code   RO         2423    i.compare_reg_update  app_timer.o
    0x00077e90   0x00000088   Code   RO         1259    i.conn_int_encode   ble_advdata.o
    0x00077f18   0x00000004   Code   RO         1512    i.conn_params_error_handler  nrf_ble_dfu.o
    0x00077f1c   0x0000005c   Code   RO         1376    i.conn_params_negotiation  ble_conn_params.o
    0x00077f78   0x0000003c   Code   RO         2641    i.crc32_compute     crc32.o
    0x00077fb4   0x0000007e   Code   RO         3196    i.decode_callback_field  pb_decode.o
    0x00078032   0x0000001a   Code   RO         3197    i.decode_field      pb_decode.o
    0x0007804c   0x000000e0   Code   RO         3198    i.decode_static_field  pb_decode.o
    0x0007812c   0x00000084   Code   RO         1513    i.dfu_ctrl_pt_add   nrf_ble_dfu.o
    0x000781b0   0x00000010   Code   RO           39    i.dfu_data_write_handler  dfu_req_handling.o
    0x000781c0   0x00000054   Code   RO           40    i.dfu_decode_commmand  dfu_req_handling.o
    0x00078214   0x00000190   Code   RO           41    i.dfu_handle_prevalidate  dfu_req_handling.o
    0x000783a4   0x00000082   Code   RO         1514    i.dfu_pkt_char_add  nrf_ble_dfu.o
    0x00078426   0x00000002   PAD
    0x00078428   0x00000018   Code   RO         1957    i.dfu_settings_write_callback  nrf_dfu_settings.o
    0x00078440   0x00000054   Code   RO         1196    i.diff_above_limit  sx150x_led_drv_calc.o
    0x00078494   0x000002a4   Code   RO         1047    i.drv_ext_light_init  drv_ext_light.o
    0x00078738   0x00000084   Code   RO         1053    i.drv_ext_light_rgb_sequence  drv_ext_light.o
    0x000787bc   0x00000030   Code   RO          427    i.drv_sx1509_clock_modify  drv_sx1509.o
    0x000787ec   0x00000024   Code   RO          428    i.drv_sx1509_close  drv_sx1509.o
    0x00078810   0x0000002e   Code   RO          430    i.drv_sx1509_data_modify  drv_sx1509.o
    0x0007883e   0x0000002e   Code   RO          436    i.drv_sx1509_dir_modify  drv_sx1509.o
    0x0007886c   0x0000000c   Code   RO          441    i.drv_sx1509_init   drv_sx1509.o
    0x00078878   0x0000002e   Code   RO          443    i.drv_sx1509_inpbufdisable_modify  drv_sx1509.o
    0x000788a6   0x0000002e   Code   RO          452    i.drv_sx1509_leddriverenable_modify  drv_sx1509.o
    0x000788d4   0x00000020   Code   RO          460    i.drv_sx1509_misc_modify  drv_sx1509.o
    0x000788f4   0x00000062   Code   RO          462    i.drv_sx1509_onoffcfgx_modify  drv_sx1509.o
    0x00078956   0x00000002   PAD
    0x00078958   0x0000002c   Code   RO          463    i.drv_sx1509_open   drv_sx1509.o
    0x00078984   0x0000002e   Code   RO          465    i.drv_sx1509_opendrain_modify  drv_sx1509.o
    0x000789b2   0x0000002e   Code   RO          469    i.drv_sx1509_pulldown_modify  drv_sx1509.o
    0x000789e0   0x0000002e   Code   RO          471    i.drv_sx1509_pullup_modify  drv_sx1509.o
    0x00078a0e   0x00000002   PAD
    0x00078a10   0x00000034   Code   RO          473    i.drv_sx1509_reset  drv_sx1509.o
    0x00078a44   0x0000004e   Code   RO          475    i.drv_sx1509_risefallcfgx_modify  drv_sx1509.o
    0x00078a92   0x0000004a   Code   RO         2661    i.ecc_p256_verify   ecc.o
    0x00078adc   0x00000040   Code   RO         2424    i.elapsed_ticks_acquire  app_timer.o
    0x00078b1c   0x00000074   Code   RO         2730    i.fs_erase          fstorage.o
    0x00078b90   0x00000028   Code   RO         1836    i.fs_evt_handler    nrf_dfu_flash.o
    0x00078bb8   0x00000014   Code   RO         2731    i.fs_fake_init      fstorage.o
    0x00078bcc   0x00000080   Code   RO         2734    i.fs_store          fstorage.o
    0x00078c4c   0x00000068   Code   RO         2735    i.fs_sys_event_handler  fstorage.o
    0x00078cb4   0x00000070   Code   RO         1515    i.gap_params_init   nrf_ble_dfu.o
    0x00078d24   0x0000007c   Code   RO         3015    i.intern_softdevice_events_execute  softdevice_handler.o
    0x00078da0   0x00000068   Code   RO         1055    i.ioext_osc_start_stop  drv_ext_light.o
    0x00078e08   0x000000b6   Code   RO          883    i.irq_handler_twi   nrf_drv_twi.o
    0x00078ebe   0x00000002   PAD
    0x00078ec0   0x0000001c   Code   RO         1377    i.is_conn_params_ok  ble_conn_params.o
    0x00078edc   0x0000000c   Code   RO         2663    i.is_word_aligned   ecc.o
    0x00078ee8   0x0000002e   Code   RO         3199    i.iter_from_extension  pb_decode.o
    0x00078f16   0x00000002   PAD
    0x00078f18   0x000000a8   Code   RO         2425    i.list_deletions_handler  app_timer.o
    0x00078fc0   0x000000b8   Code   RO         2426    i.list_insertions_handler  app_timer.o
    0x00079078   0x00000068   Code   RO         1056    i.m_io_ext_oper_mode_chk  drv_ext_light.o
    0x000790e0   0x000002b4   Code   RO         1057    i.m_ioext_cmd_process  drv_ext_light.o
    0x00079394   0x00000104   Code   RO         1059    i.m_ioext_color_select_cmd_send  drv_ext_light.o
    0x00079498   0x0000015c   Code   RO         1060    i.m_ioext_led_drv_ctrl  drv_ext_light.o
    0x000795f4   0x0000009c   Code   RO         1061    i.m_ioext_osc_status_change  drv_ext_light.o
    0x00079690   0x00000018   Code   RO         1062    i.m_is_monochrome_light  drv_ext_light.o
    0x000796a8   0x00000014   Code   RO         1063    i.m_is_rgb_light    drv_ext_light.o
    0x000796bc   0x00000068   Code   RO         1064    i.m_led_driver_sequence_restart  drv_ext_light.o
    0x00079724   0x00000108   Code   RO         1065    i.m_light_timer_handler  drv_ext_light.o
    0x0007982c   0x00000030   Code   RO          478    i.m_onoffcfgx_base_addr_get  drv_sx1509.o
    0x0007985c   0x00000010   Code   RO         1066    i.m_osc_on_margin_calculate  drv_ext_light.o
    0x0007986c   0x0000000c   Code   RO         1067    i.m_pin_within_range_check  drv_ext_light.o
    0x00079878   0x00000084   Code   RO         1068    i.m_port_mask_create  drv_ext_light.o
    0x000798fc   0x0000001e   Code   RO          479    i.m_risefallcfgx_base_addr_get  drv_sx1509.o
    0x0007991a   0x00000002   PAD
    0x0007991c   0x00000050   Code   RO          319    i.main              main.o
    0x0007996c   0x00000064   Code   RO         1260    i.manuf_specific_data_encode  ble_advdata.o
    0x000799d0   0x0000002c   Code   RO          480    i.multi_byte_register_set  drv_sx1509.o
    0x000799fc   0x0000009c   Code   RO         1261    i.name_encode       ble_advdata.o
    0x00079a98   0x0000002a   Code   RO         1705    i.nrf_bootloader_app_start  nrf_bootloader_app_start.o
    0x00079ac2   0x00000008   Code   RO         1665    i.nrf_bootloader_init  nrf_bootloader.o
    0x00079aca   0x0000004c   Code   RO         2912    i.nrf_crypto_hash_compute  nrf_crypto.o
    0x00079b16   0x0000002e   Code   RO         2917    i.nrf_crypto_verify  nrf_crypto.o
    0x00079b44   0x0000008c   Code   RO           42    i.nrf_delay_us      dfu_req_handling.o
    0x00079bd0   0x0000008c   Code   RO          481    i.nrf_delay_us      drv_sx1509.o
    0x00079c5c   0x0000008c   Code   RO          884    i.nrf_delay_us      nrf_drv_twi.o
    0x00079ce8   0x0000008c   Code   RO         1516    i.nrf_delay_us      nrf_ble_dfu.o
    0x00079d74   0x0000008c   Code   RO         1753    i.nrf_delay_us      nrf_dfu.o
    0x00079e00   0x0000008c   Code   RO         2427    i.nrf_delay_us      app_timer.o
    0x00079e8c   0x000000ac   Code   RO         2048    i.nrf_dfu_app_continue  nrf_dfu_utils.o
    0x00079f38   0x00000030   Code   RO         2049    i.nrf_dfu_app_is_valid  nrf_dfu_utils.o
    0x00079f68   0x00000044   Code   RO         2050    i.nrf_dfu_bl_continue  nrf_dfu_utils.o
    0x00079fac   0x0000010c   Code   RO           43    i.nrf_dfu_command_req  dfu_req_handling.o
    0x0007a0b8   0x00000034   Code   RO         2051    i.nrf_dfu_continue  nrf_dfu_utils.o
    0x0007a0ec   0x00000078   Code   RO         2052    i.nrf_dfu_continue_bank  nrf_dfu_utils.o
    0x0007a164   0x00000264   Code   RO           44    i.nrf_dfu_data_req  dfu_req_handling.o
    0x0007a3c8   0x0000003c   Code   RO         1754    i.nrf_dfu_enter_check  nrf_dfu.o
    0x0007a404   0x0000006c   Code   RO         2053    i.nrf_dfu_find_cache  nrf_dfu_utils.o
    0x0007a470   0x00000098   Code   RO         1837    i.nrf_dfu_flash_erase  nrf_dfu_flash.o
    0x0007a508   0x0000002c   Code   RO         1839    i.nrf_dfu_flash_init  nrf_dfu_flash.o
    0x0007a534   0x0000008c   Code   RO         1840    i.nrf_dfu_flash_store  nrf_dfu_flash.o
    0x0007a5c0   0x000000a8   Code   RO         1755    i.nrf_dfu_init      nrf_dfu.o
    0x0007a668   0x00000018   Code   RO         2054    i.nrf_dfu_invalidate_bank  nrf_dfu_utils.o
    0x0007a680   0x0000001c   Code   RO         1905    i.nrf_dfu_mbr_compare  nrf_dfu_mbr.o
    0x0007a69c   0x00000016   Code   RO         1906    i.nrf_dfu_mbr_copy_bl  nrf_dfu_mbr.o
    0x0007a6b2   0x00000002   PAD
    0x0007a6b4   0x00000024   Code   RO         1907    i.nrf_dfu_mbr_copy_sd  nrf_dfu_mbr.o
    0x0007a6d8   0x00000018   Code   RO         1908    i.nrf_dfu_mbr_init_sd  nrf_dfu_mbr.o
    0x0007a6f0   0x00000108   Code   RO           45    i.nrf_dfu_postvalidate  dfu_req_handling.o
    0x0007a7f8   0x00000050   Code   RO           46    i.nrf_dfu_req_handler_init  dfu_req_handling.o
    0x0007a848   0x00000040   Code   RO           47    i.nrf_dfu_req_handler_on_req  dfu_req_handling.o
    0x0007a888   0x00000080   Code   RO         2055    i.nrf_dfu_sd_continue_impl  nrf_dfu_utils.o
    0x0007a908   0x00000010   Code   RO         1958    i.nrf_dfu_settings_calculate_crc  nrf_dfu_settings.o
    0x0007a918   0x0000004c   Code   RO         1959    i.nrf_dfu_settings_init  nrf_dfu_settings.o
    0x0007a964   0x0000005c   Code   RO         1960    i.nrf_dfu_settings_write  nrf_dfu_settings.o
    0x0007a9c0   0x0000002c   Code   RO         2014    i.nrf_dfu_transports_close  nrf_dfu_transport.o
    0x0007a9ec   0x0000002c   Code   RO         2015    i.nrf_dfu_transports_init  nrf_dfu_transport.o
    0x0007aa18   0x00000004   Code   RO         1756    i.nrf_dfu_wait      nrf_dfu.o
    0x0007aa1c   0x00000038   Code   RO         2116    i.nrf_drv_common_irq_enable  nrf_drv_common.o
    0x0007aa54   0x00000030   Code   RO          886    i.nrf_drv_twi_disable  nrf_drv_twi.o
    0x0007aa84   0x00000020   Code   RO          887    i.nrf_drv_twi_enable  nrf_drv_twi.o
    0x0007aaa4   0x0000008c   Code   RO          888    i.nrf_drv_twi_init  nrf_drv_twi.o
    0x0007ab30   0x00000024   Code   RO          889    i.nrf_drv_twi_rx    nrf_drv_twi.o
    0x0007ab54   0x00000024   Code   RO          892    i.nrf_drv_twi_tx    nrf_drv_twi.o
    0x0007ab78   0x0000006c   Code   RO          893    i.nrf_drv_twi_uninit  nrf_drv_twi.o
    0x0007abe4   0x0000002c   Code   RO          894    i.nrf_drv_twi_xfer  nrf_drv_twi.o
    0x0007ac10   0x00000022   Code   RO          320    i.nrf_gpio_cfg      main.o
    0x0007ac32   0x00000002   PAD
    0x0007ac34   0x00000010   Code   RO          895    i.nrf_gpio_pin_set  nrf_drv_twi.o
    0x0007ac44   0x00000030   Code   RO         2208    i.nrf_nvmc_page_erase  nrf_nvmc.o
    0x0007ac74   0x0000003c   Code   RO         2212    i.nrf_nvmc_write_words  nrf_nvmc.o
    0x0007acb0   0x0000000a   Code   RO          896    i.nrf_twi_event_check  nrf_drv_twi.o
    0x0007acba   0x0000000c   Code   RO          897    i.nrf_twi_event_clear  nrf_drv_twi.o
    0x0007acc6   0x00000002   PAD
    0x0007acc8   0x000000d8   Code   RO         1517    i.on_ble_evt        nrf_ble_dfu.o
    0x0007ada0   0x000000f8   Code   RO         1518    i.on_ctrl_pt_write  nrf_ble_dfu.o
    0x0007ae98   0x00000028   Code   RO           48    i.on_dfu_complete   dfu_req_handling.o
    0x0007aec0   0x00000054   Code   RO         2736    i.on_operation_success  fstorage.o
    0x0007af14   0x00000094   Code   RO         1519    i.on_rw_authorize_req  nrf_ble_dfu.o
    0x0007afa8   0x00000060   Code   RO         1520    i.on_write          nrf_ble_dfu.o
    0x0007b008   0x00000244   Code   RO         1197    i.optimal_time_settings_onoff_calculate  sx150x_led_drv_calc.o
    0x0007b24c   0x0000029c   Code   RO         1198    i.optimal_time_settings_risefall_calculate  sx150x_led_drv_calc.o
    0x0007b4e8   0x0000003e   Code   RO         3201    i.pb_dec_bytes      pb_decode.o
    0x0007b526   0x00000006   Code   RO         3202    i.pb_dec_fixed32    pb_decode.o
    0x0007b52c   0x00000006   Code   RO         3203    i.pb_dec_fixed64    pb_decode.o
    0x0007b532   0x0000003e   Code   RO         3204    i.pb_dec_string     pb_decode.o
    0x0007b570   0x00000040   Code   RO         3205    i.pb_dec_submessage  pb_decode.o
    0x0007b5b0   0x00000058   Code   RO         3206    i.pb_dec_svarint    pb_decode.o
    0x0007b608   0x00000058   Code   RO         3207    i.pb_dec_uvarint    pb_decode.o
    0x0007b660   0x0000005a   Code   RO         3208    i.pb_dec_varint     pb_decode.o
    0x0007b6ba   0x0000001e   Code   RO         3209    i.pb_decode         pb_decode.o
    0x0007b6d8   0x00000020   Code   RO         3211    i.pb_decode_fixed32  pb_decode.o
    0x0007b6f8   0x0000005c   Code   RO         3212    i.pb_decode_fixed64  pb_decode.o
    0x0007b754   0x00000186   Code   RO         3213    i.pb_decode_noinit  pb_decode.o
    0x0007b8da   0x0000003a   Code   RO         3214    i.pb_decode_svarint  pb_decode.o
    0x0007b914   0x0000003c   Code   RO         3215    i.pb_decode_tag     pb_decode.o
    0x0007b950   0x0000004a   Code   RO         3216    i.pb_decode_varint  pb_decode.o
    0x0007b99a   0x0000004c   Code   RO         3217    i.pb_decode_varint32  pb_decode.o
    0x0007b9e6   0x00000002   PAD
    0x0007b9e8   0x00000024   Code   RO           49    i.pb_decoding_callback  dfu_req_handling.o
    0x0007ba0c   0x00000022   Code   RO         3168    i.pb_field_iter_begin  pb_common.o
    0x0007ba2e   0x0000002e   Code   RO         3169    i.pb_field_iter_find  pb_common.o
    0x0007ba5c   0x00000080   Code   RO         3170    i.pb_field_iter_next  pb_common.o
    0x0007badc   0x000000a4   Code   RO         3218    i.pb_field_set_to_default  pb_decode.o
    0x0007bb80   0x00000014   Code   RO         3219    i.pb_istream_from_buffer  pb_decode.o
    0x0007bb94   0x00000036   Code   RO         3220    i.pb_make_string_substream  pb_decode.o
    0x0007bbca   0x00000026   Code   RO         3221    i.pb_message_set_to_defaults  pb_decode.o
    0x0007bbf0   0x00000058   Code   RO         3222    i.pb_read           pb_decode.o
    0x0007bc48   0x00000020   Code   RO         3223    i.pb_readbyte       pb_decode.o
    0x0007bc68   0x0000005a   Code   RO         3224    i.pb_skip_field     pb_decode.o
    0x0007bcc2   0x00000002   PAD
    0x0007bcc4   0x0000002c   Code   RO         2737    i.queue_advance     fstorage.o
    0x0007bcf0   0x00000038   Code   RO         2738    i.queue_get_next_free  fstorage.o
    0x0007bd28   0x00000070   Code   RO         2739    i.queue_process     fstorage.o
    0x0007bd98   0x0000001c   Code   RO         2740    i.queue_start       fstorage.o
    0x0007bdb4   0x00000062   Code   RO         3225    i.read_raw_value    pb_decode.o
    0x0007be16   0x00000002   PAD
    0x0007be18   0x00000040   Code   RO          482    i.reg_get           drv_sx1509.o
    0x0007be58   0x00000034   Code   RO          483    i.reg_set           drv_sx1509.o
    0x0007be8c   0x00000058   Code   RO          484    i.register_bits_modify  drv_sx1509.o
    0x0007bee4   0x00000060   Code   RO         1521    i.response_crc_cmd_send  nrf_ble_dfu.o
    0x0007bf44   0x0000006c   Code   RO         1522    i.response_select_object_cmd_send  nrf_ble_dfu.o
    0x0007bfb0   0x00000040   Code   RO         1523    i.response_send     nrf_ble_dfu.o
    0x0007bff0   0x0000003c   Code   RO         2428    i.rtc1_stop         app_timer.o
    0x0007c02c   0x00000074   Code   RO         3017    i.sd_nvic_EnableIRQ  softdevice_handler.o
    0x0007c0a0   0x0000004c   Code   RO         2741    i.send_event        fstorage.o
    0x0007c0ec   0x00000028   Code   RO         1524    i.send_hvx          nrf_ble_dfu.o
    0x0007c114   0x00000088   Code   RO         1262    i.service_data_encode  ble_advdata.o
    0x0007c19c   0x00000110   Code   RO         2969    i.sha256_final      sha256.o
    0x0007c2ac   0x00000054   Code   RO         2970    i.sha256_init       sha256.o
    0x0007c300   0x0000012c   Code   RO         2971    i.sha256_transform  sha256.o
    0x0007c42c   0x00000054   Code   RO         2972    i.sha256_update     sha256.o
    0x0007c480   0x00000014   Code   RO         3018    i.softdevice_ble_evt_handler_set  softdevice_handler.o
    0x0007c494   0x00000014   Code   RO         3019    i.softdevice_enable  softdevice_handler.o
    0x0007c4a8   0x00000026   Code   RO         3020    i.softdevice_enable_get_default_config  softdevice_handler.o
    0x0007c4ce   0x00000002   PAD
    0x0007c4d0   0x00000028   Code   RO         3139    i.softdevice_evt_get  softdevice_handler_appsh.o
    0x0007c4f8   0x0000002c   Code   RO         3140    i.softdevice_evt_schedule  softdevice_handler_appsh.o
    0x0007c524   0x00000004   Code   RO         3021    i.softdevice_fault_handler  softdevice_handler.o
    0x0007c528   0x00000034   Code   RO         3022    i.softdevice_handler_init  softdevice_handler.o
    0x0007c55c   0x00000014   Code   RO         3028    i.softdevice_sys_evt_handler_set  softdevice_handler.o
    0x0007c570   0x00000088   Code   RO         1199    i.sx150x_led_drv_calc_convert  sx150x_led_drv_calc.o
    0x0007c5f8   0x0000001c   Code   RO         1200    i.sx150x_led_drv_calc_fade_supp  sx150x_led_drv_calc.o
    0x0007c614   0x0000001c   Code   RO         1201    i.sx150x_led_drv_calc_init  sx150x_led_drv_calc.o
    0x0007c630   0x0000008c   Code   RO         2429    i.timer_list_handler  app_timer.o
    0x0007c6bc   0x0000003c   Code   RO         2430    i.timer_list_insert  app_timer.o
    0x0007c6f8   0x00000048   Code   RO         2431    i.timer_stop_op_schedule  app_timer.o
    0x0007c740   0x00000084   Code   RO         2432    i.timer_timeouts_check  app_timer.o
    0x0007c7c4   0x000000b0   Code   RO          898    i.twi_clear_bus     nrf_drv_twi.o
    0x0007c874   0x00000050   Code   RO          826    i.twi_manager_request  twi_manager.o
    0x0007c8c4   0x0000001e   Code   RO          899    i.twi_process_error  nrf_drv_twi.o
    0x0007c8e2   0x000000a0   Code   RO          900    i.twi_rx_start_transfer  nrf_drv_twi.o
    0x0007c982   0x00000028   Code   RO          901    i.twi_send_byte     nrf_drv_twi.o
    0x0007c9aa   0x0000010a   Code   RO          902    i.twi_transfer      nrf_drv_twi.o
    0x0007cab4   0x000000a6   Code   RO          903    i.twi_tx_start_transfer  nrf_drv_twi.o
    0x0007cb5a   0x0000008c   Code   RO          904    i.twi_xfer          nrf_drv_twi.o
    0x0007cbe6   0x0000000a   Code   RO         1263    i.uint16_encode     ble_advdata.o
    0x0007cbf0   0x00000012   Code   RO         1525    i.uint32_encode     nrf_ble_dfu.o
    0x0007cc02   0x00000002   PAD
    0x0007cc04   0x00000060   Code   RO         1378    i.update_timeout_handler  ble_conn_params.o
    0x0007cc64   0x00000030   Code   RO         2433    i.user_op_alloc     app_timer.o
    0x0007cc94   0x00000030   Code   RO         1264    i.uuid_list_encode  ble_advdata.o
    0x0007ccc4   0x0000009e   Code   RO         1265    i.uuid_list_sized_encode  ble_advdata.o
    0x0007cd62   0x00000001   Data   RO            1    .constdata          dfu-cc.pb.o
    0x0007cd63   0x00000001   PAD
    0x0007cd64   0x00000024   Data   RO            2    .constdata          dfu-cc.pb.o
    0x0007cd88   0x00000078   Data   RO            3    .constdata          dfu-cc.pb.o
    0x0007ce00   0x00000018   Data   RO            4    .constdata          dfu-cc.pb.o
    0x0007ce18   0x00000030   Data   RO            5    .constdata          dfu-cc.pb.o
    0x0007ce48   0x00000030   Data   RO            6    .constdata          dfu-cc.pb.o
    0x0007ce78   0x00000024   Data   RO            7    .constdata          dfu-cc.pb.o
    0x0007ce9c   0x00000008   Data   RO           51    .constdata          dfu_req_handling.o
    0x0007cea4   0x0000000c   Data   RO          906    .constdata          nrf_drv_twi.o
    0x0007ceb0   0x00000054   Data   RO         1070    .constdata          drv_ext_light.o
    0x0007cf04   0x00000006   Data   RO         1202    .constdata          sx150x_led_drv_calc.o
    0x0007cf0a   0x00000002   PAD
    0x0007cf0c   0x00000040   Data   RO         1244    .constdata          dfu_public_key.o
    0x0007cf4c   0x00000004   Data   RO         1381    .constdata          ble_conn_params.o
    0x0007cf50   0x00000014   Data   RO         1527    .constdata          nrf_ble_dfu.o
    0x0007cf64   0x00000008   Data   RO         1762    .constdata          nrf_dfu.o
    0x0007cf6c   0x00000010   Data   RO         1763    .constdata          nrf_dfu.o
    0x0007cf7c   0x00000010   Data   RO         1764    .constdata          nrf_dfu.o
    0x0007cf8c   0x0000000c   Data   RO         1765    .constdata          nrf_dfu.o
    0x0007cf98   0x00000010   Data   RO         1766    .constdata          nrf_dfu.o
    0x0007cfa8   0x00000010   Data   RO         1842    .constdata          nrf_dfu_flash.o
    0x0007cfb8   0x00000040   Data   RO         1910    .constdata          nrf_dfu_mbr.o
    0x0007cff8   0x00000100   Data   RO         2973    .constdata          sha256.o
    0x0007d0f8   0x00000024   Data   RO         3226    .constdata          pb_decode.o
    0x0007d11c   0x00000010   Data   RO         3602    .constdata          segger_rtt_printf.o
    0x0007d12c   0x00000048   Data   RO         1071    .conststring        drv_ext_light.o
    0x0007d174   0x000000b0   Data   RO         3760    .rodata.curve_secp256r1  micro_ecc_lib_nrf52.lib(micro_ecc_lib_uECC.c.o)
    0x0007d224   0x00000020   Data   RO         3854    Region$$Table       anon$$obj.o
    0x0007d244   0x00000008   Data   RO         1529    dfu_trans           nrf_ble_dfu.o


    Execution Region RW_IRAM1 (Base: 0x20002c00, Size: 0x00003248, Max: 0x0000d380, ABSOLUTE)

    Base Addr    Size         Type   Attr      Idx    E Section Name        Object

    0x20002c00   0x00000024   Data   RW           52    .data               dfu_req_handling.o
    0x20002c24   0x00000004   Data   RW          486    .data               drv_sx1509.o
    0x20002c28   0x00000008   Data   RW          827    .data               twi_manager.o
    0x20002c30   0x00000014   Data   RW         1072    .data               drv_ext_light.o
    0x20002c44   0x00000008   Data   RW         1203    .data               sx150x_led_drv_calc.o
    0x20002c4c   0x00000014   Data   RW         1382    .data               ble_conn_params.o
    0x20002c60   0x0000000c   Data   RW         1528    .data               nrf_ble_dfu.o
    0x20002c6c   0x00000008   Data   RW         1767    .data               nrf_dfu.o
    0x20002c74   0x00000008   Data   RW         1768    .data               nrf_dfu.o
    0x20002c7c   0x0000001c   Data   RW         1769    .data               nrf_dfu.o
    0x20002c98   0x00000004   Data   RW         1843    .data               nrf_dfu_flash.o
    0x20002c9c   0x00000008   Data   RW         1965    .data               nrf_dfu_settings.o
    0x20002ca4   0x00000010   Data   RW         2363    .data               app_scheduler.o
    0x20002cb4   0x00000020   Data   RW         2434    .data               app_timer.o
    0x20002cd4   0x00000002   Data   RW         2743    .data               fstorage.o
    0x20002cd6   0x00000002   PAD
    0x20002cd8   0x00000014   Data   RW         3029    .data               softdevice_handler.o
    0x20002cec   0x00000004   Data   RW         3141    .data               softdevice_handler_appsh.o
    0x20002cf0   0x00000004   Data   RW         3646    .data               system_nrf52.o
    0x20002cf4   0x00000010   Data   RW         1844    fs_data             nrf_dfu_flash.o
    0x20002d04   0x0000059c   Zero   RW           50    .bss                dfu_req_handling.o
    0x200032a0   0x00000028   Zero   RW          905    .bss                nrf_drv_twi.o
    0x200032c8   0x00000020   Zero   RW         1379    .bss                ble_conn_params.o
    0x200032e8   0x0000001c   Zero   RW         1380    .bss                ble_conn_params.o
    0x20003304   0x0000016f   Zero   RW         1526    .bss                nrf_ble_dfu.o
    0x20003473   0x00000001   PAD
    0x20003474   0x0000000c   Zero   RW         1757    .bss                nrf_dfu.o
    0x20003480   0x00000020   Zero   RW         1758    .bss                nrf_dfu.o
    0x200034a0   0x0000000c   Zero   RW         1759    .bss                nrf_dfu.o
    0x200034ac   0x00000020   Zero   RW         1760    .bss                nrf_dfu.o
    0x200034cc   0x000001c8   Zero   RW         1761    .bss                nrf_dfu.o
    0x20003694   0x000002b8   Zero   RW         1964    .bss                nrf_dfu_settings.o
    0x2000394c   0x0000000c   Zero   RW         2596    .bss                app_util_platform.o
    0x20003958   0x00000068   Zero   RW         2742    .bss                fstorage.o
    0x200039c0   0x00000488   Zero   RW         3481    .bss                segger_rtt.o
    0x20003e48   0x00002000   Zero   RW         3634    STACK               arm_startup_nrf52.o



  Load Region LR$$.ARM.__AT_0x0007E000 (Base: 0x0007e000, Size: 0x00000000, Max: 0x00001000, ABSOLUTE)

    Execution Region ER$$.ARM.__AT_0x0007E000 (Base: 0x0007e000, Size: 0x00001000, Max: 0x00001000, ABSOLUTE, UNINIT)

    Base Addr    Size         Type   Attr      Idx    E Section Name        Object

    0x0007e000   0x00001000   Zero   RW         1961    .ARM.__AT_0x0007E000  nrf_dfu_settings.o



  Load Region LR$$.ARM.__AT_0x0007F000 (Base: 0x0007f000, Size: 0x00000000, Max: 0x00001000, ABSOLUTE)

    Execution Region ER$$.ARM.__AT_0x0007F000 (Base: 0x0007f000, Size: 0x00001000, Max: 0x00001000, ABSOLUTE, UNINIT)

    Base Addr    Size         Type   Attr      Idx    E Section Name        Object

    0x0007f000   0x00001000   Zero   RW         1962    .ARM.__AT_0x0007F000  nrf_dfu_settings.o



  Load Region LR$$.ARM.__AT_0x10001014 (Base: 0x10001014, Size: 0x00000004, Max: 0x00000004, ABSOLUTE)

    Execution Region ER$$.ARM.__AT_0x10001014 (Base: 0x10001014, Size: 0x00000004, Max: 0x00000004, ABSOLUTE, UNINIT)

    Base Addr    Size         Type   Attr      Idx    E Section Name        Object

    0x10001014   0x00000004   Data   RW         1732    .ARM.__AT_0x10001014  nrf_bootloader_info.o



  Load Region LR$$.ARM.__AT_0x10001018 (Base: 0x10001018, Size: 0x00000004, Max: 0x00000004, ABSOLUTE)

    Execution Region ER$$.ARM.__AT_0x10001018 (Base: 0x10001018, Size: 0x00000004, Max: 0x00000004, ABSOLUTE, UNINIT)

    Base Addr    Size         Type   Attr      Idx    E Section Name        Object

    0x10001018   0x00000004   Data   RW         1963    .ARM.__AT_0x10001018  nrf_dfu_settings.o


==============================================================================

Image component sizes


      Code (inc. data)   RO Data    RW Data    ZI Data      Debug   Object Name

       268         16          0         16          0       8299   app_scheduler.o
      1694        114          0         32          0      46031   app_timer.o
        48          6          0          0          0       1913   app_timer_appsh.o
       124         14          0          0         12       8774   app_util_platform.o
        36          8       1024          0       8192        892   arm_startup_nrf52.o
      1330          0          0          0          0      57692   ble_advdata.o
       448         58          4         20         60       6991   ble_conn_params.o
         8          0          0          0          0       1354   ble_srv_common.o
        60          6          0          0          0       1268   crc32.o
         0          0        313          0          0      13624   dfu-cc.pb.o
         0          0         64          0          0        693   dfu_public_key.o
      2004        164          8         36       1436      88131   dfu_req_handling.o
      3044        418        156         20          0      14458   drv_ext_light.o
      1188         48          0          4          0      18445   drv_sx1509.o
        86          0          0          0          0       3286   ecc.o
       800         64          0          2        104      10631   fstorage.o
       158         16          0          0          0      22514   main.o
      2082        142         28         12        367      29846   nrf_ble_dfu.o
         8          0          0          0          0        658   nrf_bootloader.o
        94          2          0          0          0       1359   nrf_bootloader_app_start.o
         0          0          0          4          0        342   nrf_bootloader_info.o
       122          0          0          0          0       2922   nrf_crypto.o
       372         42         68         44        544      10052   nrf_dfu.o
       376         34         16         20          0       8453   nrf_dfu_flash.o
       110         14         64          0          0       4992   nrf_dfu_mbr.o
       208         46          0         12       8888       4582   nrf_dfu_settings.o
        88         18          0          0          0       3176   nrf_dfu_transport.o
       720         46          0          0          0       7551   nrf_dfu_utils.o
        56          0          0          0          0      27423   nrf_drv_common.o
      1798         56         12          0         40      56428   nrf_drv_twi.o
       108         18          0          0          0       1885   nrf_nvmc.o
       208          0          0          0          0       3068   pb_common.o
      2312         14         36          0          0      23790   pb_decode.o
       406         38          0          0       1160       7924   segger_rtt.o
       900          6         16          0          0       5829   segger_rtt_printf.o
       740         40        256          0          0       4556   sha256.o
       466         48          0         20          0      38948   softdevice_handler.o
        84         14          0          4          0       2523   softdevice_handler_appsh.o
      1524         64          6          8          0       8193   sx150x_led_drv_calc.o
       668         58          0          4          0       2647   system_nrf52.o
        80          4          0          8          0      34105   twi_manager.o

    ----------------------------------------------------------------------
     24866       1636       2106        268      20804     596248   Object Totals
         0          0         32          0          0          0   (incl. Generated)
        40          0          3          2          1          0   (incl. Padding)

    ----------------------------------------------------------------------

      Code (inc. data)   RO Data    RW Data    ZI Data      Debug   Library Member Name

       224         30          0          0          0        172   round.o
         0          0          0          0          0          0   entry.o
         0          0          0          0          0          0   entry10a.o
         0          0          0          0          0          0   entry11a.o
         8          4          0          0          0          0   entry2.o
         4          0          0          0          0          0   entry5.o
         0          0          0          0          0          0   entry7b.o
         0          0          0          0          0          0   entry8b.o
         8          4          0          0          0          0   entry9a.o
        30          0          0          0          0          0   handlers.o
        36          8          0          0          0         68   init.o
         0          0          0          0          0          0   iusefp.o
        30          0          0          0          0         68   llshl.o
        36          0          0          0          0         68   llsshr.o
        32          0          0          0          0         68   llushr.o
        26          0          0          0          0         80   memcmp.o
        36          0          0          0          0         68   memcpya.o
        36          0          0          0          0        108   memseta.o
        18          0          0          0          0         68   strcpy.o
        98          0          0          0          0         92   uldiv.o
        48          0          0          0          0         68   cdcmple.o
        48          0          0          0          0         68   cdrcmple.o
       334          0          0          0          0        148   dadd.o
       186          0          0          0          0        176   depilogue.o
        50          0          0          0          0         76   dfixui.o
       136          4          0          0          0         92   drnd.o
        38          0          0          0          0         68   f2d.o
      4732         12        176          0          0      88635   micro_ecc_lib_uECC.c.o

    ----------------------------------------------------------------------
      6208         62        176          0          0      90191   Library Totals
        14          0          0          0          0          0   (incl. Padding)

    ----------------------------------------------------------------------

      Code (inc. data)   RO Data    RW Data    ZI Data      Debug   Library Name

       224         30          0          0          0        172   m_wm.l
       398         16          0          0          0        688   mc_w.l
       840          4          0          0          0        696   mf_w.l
      4732         12        176          0          0      88635   micro_ecc_lib_nrf52.lib

    ----------------------------------------------------------------------
      6208         62        176          0          0      90191   Library Totals

    ----------------------------------------------------------------------

==============================================================================


      Code (inc. data)   RO Data    RW Data    ZI Data      Debug   

     31074       1698       2282        268      20804     661367   Grand Totals
     31074       1698       2282        268      20804     661367   ELF Image Totals
     31074       1698       2282        268          0          0   ROM Totals

==============================================================================

    Total RO  Size (Code + RO Data)                33356 (  32.57kB)
    Total RW  Size (RW Data + ZI Data)             21072 (  20.58kB)
    Total ROM Size (Code + RO Data + RW Data)      33624 (  32.84kB)

==============================================================================

