Component: ARM Compiler 5.05 (build 41) Tool: armlink [4d0eb9]

==============================================================================

Section Cross References

    main.o(i.main) refers to drv_oled.o(i.drv_oled_init) for drv_oled_init
    main.o(i.main) refers to drv_oled.o(i.drv_oled_test) for drv_oled_test
    main.o(i.main) refers to main.o(.constdata) for .constdata
    main.o(i.main2) refers to main.o(i.nrf_delay_us) for nrf_delay_us
    main.o(i.main2) refers to main.o(.constdata) for .constdata
    main.o(i.nrf_delay_us) refers to system_nrf52.o(.data) for SystemCoreClock
    drv_i2c.o(i.i2c_init) refers to drv_i2c.o(.data) for .data
    drv_i2c.o(i.i2c_start) refers to drv_i2c.o(i.nrf_gpio_cfg_output) for nrf_gpio_cfg_output
    drv_i2c.o(i.i2c_start) refers to drv_i2c.o(i.nrf_gpio_pin_write) for nrf_gpio_pin_write
    drv_i2c.o(i.i2c_start) refers to drv_i2c.o(.data) for .data
    drv_i2c.o(i.i2c_stop) refers to drv_i2c.o(i.nrf_gpio_cfg_output) for nrf_gpio_cfg_output
    drv_i2c.o(i.i2c_stop) refers to drv_i2c.o(i.nrf_gpio_pin_write) for nrf_gpio_pin_write
    drv_i2c.o(i.i2c_stop) refers to drv_i2c.o(i.nrf_gpio_cfg_input) for nrf_gpio_cfg_input
    drv_i2c.o(i.i2c_stop) refers to drv_i2c.o(.data) for .data
    drv_i2c.o(i.i2c_write_byte) refers to drv_i2c.o(i.nrf_gpio_cfg_output) for nrf_gpio_cfg_output
    drv_i2c.o(i.i2c_write_byte) refers to drv_i2c.o(i.nrf_gpio_pin_write) for nrf_gpio_pin_write
    drv_i2c.o(i.i2c_write_byte) refers to drv_i2c.o(i.nrf_gpio_cfg_input) for nrf_gpio_cfg_input
    drv_i2c.o(i.i2c_write_byte) refers to drv_i2c.o(.data) for .data
    drv_i2c.o(i.nrf_gpio_cfg_input) refers to drv_i2c.o(i.nrf_gpio_cfg) for nrf_gpio_cfg
    drv_i2c.o(i.nrf_gpio_cfg_output) refers to drv_i2c.o(i.nrf_gpio_cfg) for nrf_gpio_cfg
    drv_oled.o(i.Write_IIC_Command) refers to drv_i2c.o(i.i2c_start) for i2c_start
    drv_oled.o(i.Write_IIC_Command) refers to drv_i2c.o(i.i2c_write_byte) for i2c_write_byte
    drv_oled.o(i.Write_IIC_Command) refers to drv_i2c.o(i.i2c_stop) for i2c_stop
    drv_oled.o(i.Write_IIC_Command) refers to drv_oled.o(.data) for .data
    drv_oled.o(i.drv_oled_init) refers to drv_i2c.o(i.i2c_init) for i2c_init
    drv_oled.o(i.drv_oled_init) refers to drv_oled.o(i.Write_IIC_Command) for Write_IIC_Command
    drv_oled.o(i.drv_oled_init) refers to drv_oled.o(.data) for .data
    drv_oled.o(i.drv_oled_test) refers to drv_oled.o(i.fill_picture) for fill_picture
    drv_oled.o(i.drv_oled_test) refers to drv_oled.o(i.nrf_delay_us) for nrf_delay_us
    drv_oled.o(i.fill_picture) refers to drv_oled.o(i.Write_IIC_Command) for Write_IIC_Command
    drv_oled.o(i.fill_picture) refers to drv_i2c.o(i.i2c_start) for i2c_start
    drv_oled.o(i.fill_picture) refers to drv_i2c.o(i.i2c_write_byte) for i2c_write_byte
    drv_oled.o(i.fill_picture) refers to drv_i2c.o(i.i2c_stop) for i2c_stop
    drv_oled.o(i.fill_picture) refers to drv_oled.o(.data) for .data
    drv_oled.o(i.nrf_delay_us) refers to system_nrf52.o(.data) for SystemCoreClock
    nrf_drv_clock.o(i.POWER_CLOCK_IRQHandler) refers to nrf_drv_clock.o(i.nrf_clock_event_check) for nrf_clock_event_check
    nrf_drv_clock.o(i.POWER_CLOCK_IRQHandler) refers to nrf_drv_clock.o(i.nrf_clock_event_clear) for nrf_clock_event_clear
    nrf_drv_clock.o(i.POWER_CLOCK_IRQHandler) refers to nrf_drv_clock.o(i.clock_clk_started_notify) for clock_clk_started_notify
    nrf_drv_clock.o(i.POWER_CLOCK_IRQHandler) refers to nrf_drv_clock.o(.bss) for .bss
    nrf_drv_clock.o(i.clock_clk_started_notify) refers to nrf_drv_clock.o(.bss) for .bss
    nrf_drv_clock.o(i.hfclk_stop) refers to nrf_drv_clock.o(i.nrf_clock_hf_is_running) for nrf_clock_hf_is_running
    nrf_drv_clock.o(i.hfclk_stop) refers to nrf_drv_clock.o(.bss) for .bss
    nrf_drv_clock.o(i.lfclk_stop) refers to nrf_drv_clock.o(.bss) for .bss
    nrf_drv_clock.o(i.nrf_drv_clock_hfclk_is_running) refers to nrf_drv_clock.o(i.nrf_clock_hf_is_running) for nrf_clock_hf_is_running
    nrf_drv_clock.o(i.nrf_drv_clock_hfclk_release) refers to app_util_platform.o(i.app_util_critical_region_enter) for app_util_critical_region_enter
    nrf_drv_clock.o(i.nrf_drv_clock_hfclk_release) refers to nrf_drv_clock.o(i.hfclk_stop) for hfclk_stop
    nrf_drv_clock.o(i.nrf_drv_clock_hfclk_release) refers to app_util_platform.o(i.app_util_critical_region_exit) for app_util_critical_region_exit
    nrf_drv_clock.o(i.nrf_drv_clock_hfclk_release) refers to nrf_drv_clock.o(.bss) for .bss
    nrf_drv_clock.o(i.nrf_drv_clock_hfclk_request) refers to app_util_platform.o(i.app_util_critical_region_enter) for app_util_critical_region_enter
    nrf_drv_clock.o(i.nrf_drv_clock_hfclk_request) refers to nrf_drv_clock.o(i.item_enqueue) for item_enqueue
    nrf_drv_clock.o(i.nrf_drv_clock_hfclk_request) refers to nrf_drv_clock.o(i.nrf_clock_event_clear) for nrf_clock_event_clear
    nrf_drv_clock.o(i.nrf_drv_clock_hfclk_request) refers to app_util_platform.o(i.app_util_critical_region_exit) for app_util_critical_region_exit
    nrf_drv_clock.o(i.nrf_drv_clock_hfclk_request) refers to nrf_drv_clock.o(.bss) for .bss
    nrf_drv_clock.o(i.nrf_drv_clock_init) refers to nrf_drv_common.o(i.nrf_drv_common_irq_enable) for nrf_drv_common_irq_enable
    nrf_drv_clock.o(i.nrf_drv_clock_init) refers to nrf_drv_clock.o(.bss) for .bss
    nrf_drv_clock.o(i.nrf_drv_clock_lfclk_release) refers to app_util_platform.o(i.app_util_critical_region_enter) for app_util_critical_region_enter
    nrf_drv_clock.o(i.nrf_drv_clock_lfclk_release) refers to nrf_drv_clock.o(i.lfclk_stop) for lfclk_stop
    nrf_drv_clock.o(i.nrf_drv_clock_lfclk_release) refers to app_util_platform.o(i.app_util_critical_region_exit) for app_util_critical_region_exit
    nrf_drv_clock.o(i.nrf_drv_clock_lfclk_release) refers to nrf_drv_clock.o(.bss) for .bss
    nrf_drv_clock.o(i.nrf_drv_clock_lfclk_request) refers to app_util_platform.o(i.app_util_critical_region_enter) for app_util_critical_region_enter
    nrf_drv_clock.o(i.nrf_drv_clock_lfclk_request) refers to nrf_drv_clock.o(i.item_enqueue) for item_enqueue
    nrf_drv_clock.o(i.nrf_drv_clock_lfclk_request) refers to nrf_drv_clock.o(i.nrf_clock_event_clear) for nrf_clock_event_clear
    nrf_drv_clock.o(i.nrf_drv_clock_lfclk_request) refers to app_util_platform.o(i.app_util_critical_region_exit) for app_util_critical_region_exit
    nrf_drv_clock.o(i.nrf_drv_clock_lfclk_request) refers to nrf_drv_clock.o(.bss) for .bss
    nrf_drv_clock.o(i.nrf_drv_clock_uninit) refers to nrf_drv_clock.o(i.lfclk_stop) for lfclk_stop
    nrf_drv_clock.o(i.nrf_drv_clock_uninit) refers to nrf_drv_clock.o(i.hfclk_stop) for hfclk_stop
    nrf_drv_clock.o(i.nrf_drv_clock_uninit) refers to nrf_drv_clock.o(.bss) for .bss
    nrf_nvic.o(i.sd_nvic_critical_region_enter) refers to nrf_nvic.o(.data) for .data
    nrf_nvic.o(i.sd_nvic_critical_region_exit) refers to nrf_nvic.o(.data) for .data
    app_error.o(i.app_error_handler) refers to app_error_weak.o(i.app_error_fault_handler) for app_error_fault_handler
    app_error.o(i.app_error_handler_bare) refers to app_error_weak.o(i.app_error_fault_handler) for app_error_fault_handler
    app_error.o(i.app_error_save_and_stop) refers to app_error.o(.bss) for .bss
    app_fifo.o(i.app_fifo_get) refers to app_fifo.o(i.fifo_get) for fifo_get
    app_fifo.o(i.app_fifo_put) refers to app_fifo.o(i.fifo_put) for fifo_put
    app_fifo.o(i.app_fifo_read) refers to app_fifo.o(i.fifo_get) for fifo_get
    app_fifo.o(i.app_fifo_write) refers to app_fifo.o(i.fifo_put) for fifo_put
    app_timer.o(i.RTC1_IRQHandler) refers to app_timer.o(i.timer_timeouts_check) for timer_timeouts_check
    app_timer.o(i.SWI0_EGU0_IRQHandler) refers to app_timer.o(i.timer_list_handler) for timer_list_handler
    app_timer.o(i.app_timer_create) refers to app_timer.o(.data) for .data
    app_timer.o(i.app_timer_init) refers to app_timer.o(i.rtc1_stop) for rtc1_stop
    app_timer.o(i.app_timer_init) refers to app_timer.o(i.NVIC_ClearPendingIRQ) for NVIC_ClearPendingIRQ
    app_timer.o(i.app_timer_init) refers to app_timer.o(i.NVIC_SetPriority) for NVIC_SetPriority
    app_timer.o(i.app_timer_init) refers to app_timer.o(i.NVIC_EnableIRQ) for NVIC_EnableIRQ
    app_timer.o(i.app_timer_init) refers to app_timer.o(.data) for .data
    app_timer.o(i.app_timer_start) refers to app_util_platform.o(i.app_util_critical_region_enter) for app_util_critical_region_enter
    app_timer.o(i.app_timer_start) refers to app_timer.o(i.user_op_alloc) for user_op_alloc
    app_timer.o(i.app_timer_start) refers to app_util_platform.o(i.app_util_critical_region_exit) for app_util_critical_region_exit
    app_timer.o(i.app_timer_start) refers to app_timer.o(i.NVIC_SetPendingIRQ) for NVIC_SetPendingIRQ
    app_timer.o(i.app_timer_start) refers to app_timer.o(.data) for .data
    app_timer.o(i.app_timer_stop) refers to app_timer.o(i.timer_stop_op_schedule) for timer_stop_op_schedule
    app_timer.o(i.app_timer_stop) refers to app_timer.o(.data) for .data
    app_timer.o(i.app_timer_stop_all) refers to app_timer.o(i.timer_stop_op_schedule) for timer_stop_op_schedule
    app_timer.o(i.app_timer_stop_all) refers to app_timer.o(.data) for .data
    app_timer.o(i.compare_reg_update) refers to app_timer.o(i.NVIC_ClearPendingIRQ) for NVIC_ClearPendingIRQ
    app_timer.o(i.compare_reg_update) refers to app_timer.o(i.NVIC_EnableIRQ) for NVIC_EnableIRQ
    app_timer.o(i.compare_reg_update) refers to app_timer.o(i.nrf_delay_us) for nrf_delay_us
    app_timer.o(i.compare_reg_update) refers to app_timer.o(i.NVIC_SetPendingIRQ) for NVIC_SetPendingIRQ
    app_timer.o(i.compare_reg_update) refers to app_timer.o(i.rtc1_stop) for rtc1_stop
    app_timer.o(i.compare_reg_update) refers to app_timer.o(.data) for .data
    app_timer.o(i.elapsed_ticks_acquire) refers to app_timer.o(.data) for .data
    app_timer.o(i.list_deletions_handler) refers to app_timer.o(.data) for .data
    app_timer.o(i.list_insertions_handler) refers to app_timer.o(i.timer_list_insert) for timer_list_insert
    app_timer.o(i.list_insertions_handler) refers to app_timer.o(.data) for .data
    app_timer.o(i.nrf_delay_us) refers to system_nrf52.o(.data) for SystemCoreClock
    app_timer.o(i.rtc1_stop) refers to app_timer.o(i.nrf_delay_us) for nrf_delay_us
    app_timer.o(i.rtc1_stop) refers to app_timer.o(.data) for .data
    app_timer.o(i.timer_list_handler) refers to app_timer.o(i.elapsed_ticks_acquire) for elapsed_ticks_acquire
    app_timer.o(i.timer_list_handler) refers to app_timer.o(i.list_deletions_handler) for list_deletions_handler
    app_timer.o(i.timer_list_handler) refers to app_timer.o(i.list_insertions_handler) for list_insertions_handler
    app_timer.o(i.timer_list_handler) refers to app_timer.o(i.compare_reg_update) for compare_reg_update
    app_timer.o(i.timer_list_handler) refers to app_timer.o(.data) for .data
    app_timer.o(i.timer_list_insert) refers to app_timer.o(.data) for .data
    app_timer.o(i.timer_stop_op_schedule) refers to app_util_platform.o(i.app_util_critical_region_enter) for app_util_critical_region_enter
    app_timer.o(i.timer_stop_op_schedule) refers to app_timer.o(i.user_op_alloc) for user_op_alloc
    app_timer.o(i.timer_stop_op_schedule) refers to app_util_platform.o(i.app_util_critical_region_exit) for app_util_critical_region_exit
    app_timer.o(i.timer_stop_op_schedule) refers to app_timer.o(i.NVIC_SetPendingIRQ) for NVIC_SetPendingIRQ
    app_timer.o(i.timer_stop_op_schedule) refers to app_timer.o(.data) for .data
    app_timer.o(i.timer_timeouts_check) refers to app_error.o(i.app_error_handler_bare) for app_error_handler_bare
    app_timer.o(i.timer_timeouts_check) refers to app_timer.o(i.NVIC_SetPendingIRQ) for NVIC_SetPendingIRQ
    app_timer.o(i.timer_timeouts_check) refers to app_timer.o(.data) for .data
    app_timer.o(i.user_op_alloc) refers to app_timer.o(.data) for .data
    app_util_platform.o(i.app_util_critical_region_enter) refers to app_util_platform.o(i.app_util_disable_irq) for app_util_disable_irq
    app_util_platform.o(i.app_util_critical_region_exit) refers to app_util_platform.o(i.app_util_enable_irq) for app_util_enable_irq
    app_util_platform.o(i.app_util_disable_irq) refers to app_util_platform.o(.data) for .data
    app_util_platform.o(i.app_util_enable_irq) refers to app_util_platform.o(.data) for .data
    nrf_assert.o(i.assert_nrf_callback) refers to app_error_weak.o(i.app_error_fault_handler) for app_error_fault_handler
    arm_startup_nrf52.o(RESET) refers to arm_startup_nrf52.o(STACK) for __initial_sp
    arm_startup_nrf52.o(RESET) refers to arm_startup_nrf52.o(.text) for Reset_Handler
    arm_startup_nrf52.o(RESET) refers to nrf_drv_clock.o(i.POWER_CLOCK_IRQHandler) for POWER_CLOCK_IRQHandler
    arm_startup_nrf52.o(RESET) refers to app_timer.o(i.RTC1_IRQHandler) for RTC1_IRQHandler
    arm_startup_nrf52.o(RESET) refers to app_timer.o(i.SWI0_EGU0_IRQHandler) for SWI0_EGU0_IRQHandler
    arm_startup_nrf52.o(.text) refers to system_nrf52.o(i.SystemInit) for SystemInit
    arm_startup_nrf52.o(.text) refers to entry.o(.ARM.Collect$$$$00000000) for __main
    system_nrf52.o(i.SystemCoreClockUpdate) refers to system_nrf52.o(.data) for .data
    system_nrf52.o(i.SystemInit) refers to system_nrf52.o(.data) for .data
    entry.o(.ARM.Collect$$$$00000000) refers (Special) to entry10a.o(.ARM.Collect$$$$0000000D) for __rt_final_cpp
    entry.o(.ARM.Collect$$$$00000000) refers (Special) to entry11a.o(.ARM.Collect$$$$0000000F) for __rt_final_exit
    entry.o(.ARM.Collect$$$$00000000) refers (Special) to entry7b.o(.ARM.Collect$$$$00000008) for _main_clock
    entry.o(.ARM.Collect$$$$00000000) refers (Special) to entry8b.o(.ARM.Collect$$$$0000000A) for _main_cpp_init
    entry.o(.ARM.Collect$$$$00000000) refers (Special) to entry9a.o(.ARM.Collect$$$$0000000B) for _main_init
    entry.o(.ARM.Collect$$$$00000000) refers (Special) to entry5.o(.ARM.Collect$$$$00000004) for _main_scatterload
    entry.o(.ARM.Collect$$$$00000000) refers (Special) to entry2.o(.ARM.Collect$$$$00000001) for _main_stk
    entry2.o(.ARM.Collect$$$$00000001) refers to entry2.o(.ARM.Collect$$$$00002712) for __lit__00000000
    entry2.o(.ARM.Collect$$$$00002712) refers to arm_startup_nrf52.o(STACK) for __initial_sp
    entry2.o(__vectab_stack_and_reset_area) refers to arm_startup_nrf52.o(STACK) for __initial_sp
    entry2.o(__vectab_stack_and_reset_area) refers to entry.o(.ARM.Collect$$$$00000000) for __main
    entry5.o(.ARM.Collect$$$$00000004) refers to init.o(.text) for __scatterload
    entry9a.o(.ARM.Collect$$$$0000000B) refers to main.o(i.main) for main
    entry9b.o(.ARM.Collect$$$$0000000C) refers to main.o(i.main) for main
    init.o(.text) refers to entry5.o(.ARM.Collect$$$$00000004) for __main_after_scatterload


==============================================================================

Removing Unused input sections from the image.

    Removing main.o(.rev16_text), (4 bytes).
    Removing main.o(.revsh_text), (4 bytes).
    Removing main.o(.rrx_text), (6 bytes).
    Removing main.o(i.main2), (104 bytes).
    Removing main.o(i.nrf_delay_us), (140 bytes).
    Removing drv_i2c.o(.rev16_text), (4 bytes).
    Removing drv_i2c.o(.revsh_text), (4 bytes).
    Removing drv_i2c.o(.rrx_text), (6 bytes).
    Removing drv_oled.o(.rev16_text), (4 bytes).
    Removing drv_oled.o(.revsh_text), (4 bytes).
    Removing drv_oled.o(.rrx_text), (6 bytes).
    Removing nrf_drv_clock.o(.rev16_text), (4 bytes).
    Removing nrf_drv_clock.o(.revsh_text), (4 bytes).
    Removing nrf_drv_clock.o(.rrx_text), (6 bytes).
    Removing nrf_drv_clock.o(i.hfclk_stop), (32 bytes).
    Removing nrf_drv_clock.o(i.item_enqueue), (8 bytes).
    Removing nrf_drv_clock.o(i.lfclk_stop), (40 bytes).
    Removing nrf_drv_clock.o(i.nrf_clock_hf_is_running), (28 bytes).
    Removing nrf_drv_clock.o(i.nrf_drv_clock_calibration_abort), (4 bytes).
    Removing nrf_drv_clock.o(i.nrf_drv_clock_calibration_start), (4 bytes).
    Removing nrf_drv_clock.o(i.nrf_drv_clock_hfclk_is_running), (6 bytes).
    Removing nrf_drv_clock.o(i.nrf_drv_clock_hfclk_release), (40 bytes).
    Removing nrf_drv_clock.o(i.nrf_drv_clock_hfclk_request), (88 bytes).
    Removing nrf_drv_clock.o(i.nrf_drv_clock_init), (48 bytes).
    Removing nrf_drv_clock.o(i.nrf_drv_clock_is_calibrating), (4 bytes).
    Removing nrf_drv_clock.o(i.nrf_drv_clock_lfclk_is_running), (16 bytes).
    Removing nrf_drv_clock.o(i.nrf_drv_clock_lfclk_release), (40 bytes).
    Removing nrf_drv_clock.o(i.nrf_drv_clock_lfclk_request), (96 bytes).
    Removing nrf_drv_clock.o(i.nrf_drv_clock_uninit), (44 bytes).
    Removing nrf_drv_common.o(.rev16_text), (4 bytes).
    Removing nrf_drv_common.o(.revsh_text), (4 bytes).
    Removing nrf_drv_common.o(.rrx_text), (6 bytes).
    Removing nrf_drv_common.o(i.nrf_drv_common_irq_enable), (56 bytes).
    Removing nrf_nvic.o(.rev16_text), (4 bytes).
    Removing nrf_nvic.o(.revsh_text), (4 bytes).
    Removing nrf_nvic.o(.rrx_text), (6 bytes).
    Removing nrf_nvic.o(i.sd_nvic_ClearPendingIRQ), (24 bytes).
    Removing nrf_nvic.o(i.sd_nvic_DisableIRQ), (24 bytes).
    Removing nrf_nvic.o(i.sd_nvic_EnableIRQ), (24 bytes).
    Removing nrf_nvic.o(i.sd_nvic_GetPendingIRQ), (42 bytes).
    Removing nrf_nvic.o(i.sd_nvic_GetPriority), (40 bytes).
    Removing nrf_nvic.o(i.sd_nvic_SetPendingIRQ), (24 bytes).
    Removing nrf_nvic.o(i.sd_nvic_SetPriority), (34 bytes).
    Removing nrf_nvic.o(i.sd_nvic_SystemReset), (36 bytes).
    Removing nrf_nvic.o(i.sd_nvic_critical_region_enter), (28 bytes).
    Removing nrf_nvic.o(i.sd_nvic_critical_region_exit), (24 bytes).
    Removing nrf_nvic.o(.data), (1 bytes).
    Removing nrf_soc.o(.rev16_text), (4 bytes).
    Removing nrf_soc.o(.revsh_text), (4 bytes).
    Removing nrf_soc.o(.rrx_text), (6 bytes).
    Removing nrf_soc.o(i.sd_app_evt_wait), (6 bytes).
    Removing app_error.o(.rev16_text), (4 bytes).
    Removing app_error.o(.revsh_text), (4 bytes).
    Removing app_error.o(.rrx_text), (6 bytes).
    Removing app_error.o(i.app_error_handler), (24 bytes).
    Removing app_error.o(i.app_error_save_and_stop), (100 bytes).
    Removing app_error.o(.bss), (32 bytes).
    Removing app_error_weak.o(.rev16_text), (4 bytes).
    Removing app_error_weak.o(.revsh_text), (4 bytes).
    Removing app_error_weak.o(.rrx_text), (6 bytes).
    Removing app_fifo.o(.rev16_text), (4 bytes).
    Removing app_fifo.o(.revsh_text), (4 bytes).
    Removing app_fifo.o(.rrx_text), (6 bytes).
    Removing app_fifo.o(i.app_fifo_flush), (8 bytes).
    Removing app_fifo.o(i.app_fifo_get), (22 bytes).
    Removing app_fifo.o(i.app_fifo_init), (32 bytes).
    Removing app_fifo.o(i.app_fifo_peek), (34 bytes).
    Removing app_fifo.o(i.app_fifo_put), (26 bytes).
    Removing app_fifo.o(i.app_fifo_read), (74 bytes).
    Removing app_fifo.o(i.app_fifo_write), (82 bytes).
    Removing app_fifo.o(i.fifo_get), (20 bytes).
    Removing app_fifo.o(i.fifo_put), (18 bytes).
    Removing app_timer.o(.rev16_text), (4 bytes).
    Removing app_timer.o(.revsh_text), (4 bytes).
    Removing app_timer.o(.rrx_text), (6 bytes).
    Removing app_timer.o(i.NVIC_SetPriority), (32 bytes).
    Removing app_timer.o(i.app_timer_cnt_diff_compute), (12 bytes).
    Removing app_timer.o(i.app_timer_cnt_get), (12 bytes).
    Removing app_timer.o(i.app_timer_create), (36 bytes).
    Removing app_timer.o(i.app_timer_init), (112 bytes).
    Removing app_timer.o(i.app_timer_start), (128 bytes).
    Removing app_timer.o(i.app_timer_stop), (32 bytes).
    Removing app_timer.o(i.app_timer_stop_all), (24 bytes).
    Removing app_timer.o(i.timer_stop_op_schedule), (64 bytes).
    Removing app_timer.o(i.user_op_alloc), (48 bytes).
    Removing app_util_platform.o(.rev16_text), (4 bytes).
    Removing app_util_platform.o(.revsh_text), (4 bytes).
    Removing app_util_platform.o(.rrx_text), (6 bytes).
    Removing app_util_platform.o(i.app_util_critical_region_enter), (4 bytes).
    Removing app_util_platform.o(i.app_util_critical_region_exit), (4 bytes).
    Removing app_util_platform.o(i.app_util_disable_irq), (16 bytes).
    Removing app_util_platform.o(i.app_util_enable_irq), (20 bytes).
    Removing app_util_platform.o(.data), (4 bytes).
    Removing nrf_assert.o(.rev16_text), (4 bytes).
    Removing nrf_assert.o(.revsh_text), (4 bytes).
    Removing nrf_assert.o(.rrx_text), (6 bytes).
    Removing nrf_assert.o(i.assert_nrf_callback), (22 bytes).
    Removing arm_startup_nrf52.o(HEAP), (8192 bytes).
    Removing system_nrf52.o(.rev16_text), (4 bytes).
    Removing system_nrf52.o(.revsh_text), (4 bytes).
    Removing system_nrf52.o(.rrx_text), (6 bytes).
    Removing system_nrf52.o(i.SystemCoreClockUpdate), (16 bytes).

102 unused section(s) (total 10551 bytes) removed from the image.

==============================================================================

Image Symbol Table

    Local Symbols

    Symbol Name                              Value     Ov Type        Size  Object(Section)

    RESET                                    0x00000000   Section     1024  arm_startup_nrf52.o(RESET)
    ../clib/microlib/init/entry.s            0x00000000   Number         0  entry5.o ABSOLUTE
    ../clib/microlib/init/entry.s            0x00000000   Number         0  entry11a.o ABSOLUTE
    ../clib/microlib/init/entry.s            0x00000000   Number         0  entry7a.o ABSOLUTE
    ../clib/microlib/init/entry.s            0x00000000   Number         0  entry10a.o ABSOLUTE
    ../clib/microlib/init/entry.s            0x00000000   Number         0  entry2.o ABSOLUTE
    ../clib/microlib/init/entry.s            0x00000000   Number         0  entry8a.o ABSOLUTE
    ../clib/microlib/init/entry.s            0x00000000   Number         0  entry9b.o ABSOLUTE
    ../clib/microlib/init/entry.s            0x00000000   Number         0  entry9a.o ABSOLUTE
    ../clib/microlib/init/entry.s            0x00000000   Number         0  entry8b.o ABSOLUTE
    ../clib/microlib/init/entry.s            0x00000000   Number         0  entry7b.o ABSOLUTE
    ../clib/microlib/init/entry.s            0x00000000   Number         0  entry.o ABSOLUTE
    ../clib/microlib/init/entry.s            0x00000000   Number         0  entry10b.o ABSOLUTE
    ../clib/microlib/init/entry.s            0x00000000   Number         0  entry11b.o ABSOLUTE
    ..\..\..\..\..\..\components\drivers_nrf\clock\nrf_drv_clock.c 0x00000000   Number         0  nrf_drv_clock.o ABSOLUTE
    ..\..\..\..\..\..\components\drivers_nrf\common\nrf_drv_common.c 0x00000000   Number         0  nrf_drv_common.o ABSOLUTE
    ..\..\..\..\..\..\components\drivers_nrf\nrf_soc_nosd\nrf_nvic.c 0x00000000   Number         0  nrf_nvic.o ABSOLUTE
    ..\..\..\..\..\..\components\drivers_nrf\nrf_soc_nosd\nrf_soc.c 0x00000000   Number         0  nrf_soc.o ABSOLUTE
    ..\..\..\..\..\..\components\libraries\fifo\app_fifo.c 0x00000000   Number         0  app_fifo.o ABSOLUTE
    ..\..\..\..\..\..\components\libraries\hardfault\hardfault_implementation.c 0x00000000   Number         0  hardfault_implementation.o ABSOLUTE
    ..\..\..\..\..\..\components\libraries\timer\app_timer.c 0x00000000   Number         0  app_timer.o ABSOLUTE
    ..\..\..\..\..\..\components\libraries\util\app_error.c 0x00000000   Number         0  app_error.o ABSOLUTE
    ..\..\..\..\..\..\components\libraries\util\app_error_weak.c 0x00000000   Number         0  app_error_weak.o ABSOLUTE
    ..\..\..\..\..\..\components\libraries\util\app_util_platform.c 0x00000000   Number         0  app_util_platform.o ABSOLUTE
    ..\..\..\..\..\..\components\libraries\util\nrf_assert.c 0x00000000   Number         0  nrf_assert.o ABSOLUTE
    ..\..\..\drv_i2c.c                       0x00000000   Number         0  drv_i2c.o ABSOLUTE
    ..\..\..\drv_oled.c                      0x00000000   Number         0  drv_oled.o ABSOLUTE
    ..\..\..\main.c                          0x00000000   Number         0  main.o ABSOLUTE
    ..\\..\\..\\..\\..\\..\\components\\drivers_nrf\\clock\\nrf_drv_clock.c 0x00000000   Number         0  nrf_drv_clock.o ABSOLUTE
    ..\\..\\..\\..\\..\\..\\components\\drivers_nrf\\common\\nrf_drv_common.c 0x00000000   Number         0  nrf_drv_common.o ABSOLUTE
    ..\\..\\..\\..\\..\\..\\components\\drivers_nrf\\nrf_soc_nosd\\nrf_nvic.c 0x00000000   Number         0  nrf_nvic.o ABSOLUTE
    ..\\..\\..\\..\\..\\..\\components\\drivers_nrf\\nrf_soc_nosd\\nrf_soc.c 0x00000000   Number         0  nrf_soc.o ABSOLUTE
    ..\\..\\..\\..\\..\\..\\components\\libraries\\fifo\\app_fifo.c 0x00000000   Number         0  app_fifo.o ABSOLUTE
    ..\\..\\..\\..\\..\\..\\components\\libraries\\timer\\app_timer.c 0x00000000   Number         0  app_timer.o ABSOLUTE
    ..\\..\\..\\..\\..\\..\\components\\libraries\\util\\app_error.c 0x00000000   Number         0  app_error.o ABSOLUTE
    ..\\..\\..\\..\\..\\..\\components\\libraries\\util\\app_error_weak.c 0x00000000   Number         0  app_error_weak.o ABSOLUTE
    ..\\..\\..\\..\\..\\..\\components\\libraries\\util\\app_util_platform.c 0x00000000   Number         0  app_util_platform.o ABSOLUTE
    ..\\..\\..\\..\\..\\..\\components\\libraries\\util\\nrf_assert.c 0x00000000   Number         0  nrf_assert.o ABSOLUTE
    ..\\..\\..\\drv_i2c.c                    0x00000000   Number         0  drv_i2c.o ABSOLUTE
    ..\\..\\..\\drv_oled.c                   0x00000000   Number         0  drv_oled.o ABSOLUTE
    ..\\..\\..\\main.c                       0x00000000   Number         0  main.o ABSOLUTE
    RTE\Device\nRF52832_xxAA\arm_startup_nrf52.s 0x00000000   Number         0  arm_startup_nrf52.o ABSOLUTE
    RTE\Device\nRF52832_xxAA\system_nrf52.c  0x00000000   Number         0  system_nrf52.o ABSOLUTE
    RTE\\Device\\nRF52832_xxAA\\system_nrf52.c 0x00000000   Number         0  system_nrf52.o ABSOLUTE
    dc.s                                     0x00000000   Number         0  dc.o ABSOLUTE
    handlers.s                               0x00000000   Number         0  handlers.o ABSOLUTE
    init.s                                   0x00000000   Number         0  init.o ABSOLUTE
    .ARM.Collect$$$$00000000                 0x00000400   Section        0  entry.o(.ARM.Collect$$$$00000000)
    .ARM.Collect$$$$00000001                 0x00000400   Section        4  entry2.o(.ARM.Collect$$$$00000001)
    .ARM.Collect$$$$00000004                 0x00000404   Section        4  entry5.o(.ARM.Collect$$$$00000004)
    .ARM.Collect$$$$00000008                 0x00000408   Section        0  entry7b.o(.ARM.Collect$$$$00000008)
    .ARM.Collect$$$$0000000A                 0x00000408   Section        0  entry8b.o(.ARM.Collect$$$$0000000A)
    .ARM.Collect$$$$0000000B                 0x00000408   Section        8  entry9a.o(.ARM.Collect$$$$0000000B)
    .ARM.Collect$$$$0000000D                 0x00000410   Section        0  entry10a.o(.ARM.Collect$$$$0000000D)
    .ARM.Collect$$$$0000000F                 0x00000410   Section        0  entry11a.o(.ARM.Collect$$$$0000000F)
    .ARM.Collect$$$$00002712                 0x00000410   Section        4  entry2.o(.ARM.Collect$$$$00002712)
    __lit__00000000                          0x00000410   Data           4  entry2.o(.ARM.Collect$$$$00002712)
    .text                                    0x00000414   Section       36  arm_startup_nrf52.o(.text)
    $v0                                      0x00000414   Number         0  arm_startup_nrf52.o(.text)
    .text                                    0x00000438   Section       36  init.o(.text)
    i.NVIC_ClearPendingIRQ                   0x0000045c   Section        0  app_timer.o(i.NVIC_ClearPendingIRQ)
    NVIC_ClearPendingIRQ                     0x0000045d   Thumb Code    22  app_timer.o(i.NVIC_ClearPendingIRQ)
    i.NVIC_EnableIRQ                         0x00000472   Section        0  app_timer.o(i.NVIC_EnableIRQ)
    NVIC_EnableIRQ                           0x00000473   Thumb Code    22  app_timer.o(i.NVIC_EnableIRQ)
    i.NVIC_SetPendingIRQ                     0x00000488   Section        0  app_timer.o(i.NVIC_SetPendingIRQ)
    NVIC_SetPendingIRQ                       0x00000489   Thumb Code    22  app_timer.o(i.NVIC_SetPendingIRQ)
    i.POWER_CLOCK_IRQHandler                 0x000004a0   Section        0  nrf_drv_clock.o(i.POWER_CLOCK_IRQHandler)
    i.RTC1_IRQHandler                        0x000004f8   Section        0  app_timer.o(i.RTC1_IRQHandler)
    i.SWI0_EGU0_IRQHandler                   0x0000051c   Section        0  app_timer.o(i.SWI0_EGU0_IRQHandler)
    i.SystemInit                             0x00000520   Section        0  system_nrf52.o(i.SystemInit)
    i.Write_IIC_Command                      0x000007bc   Section        0  drv_oled.o(i.Write_IIC_Command)
    Write_IIC_Command                        0x000007bd   Thumb Code    36  drv_oled.o(i.Write_IIC_Command)
    i.__scatterload_copy                     0x000007e4   Section       14  handlers.o(i.__scatterload_copy)
    i.__scatterload_null                     0x000007f2   Section        2  handlers.o(i.__scatterload_null)
    i.__scatterload_zeroinit                 0x000007f4   Section       14  handlers.o(i.__scatterload_zeroinit)
    i.app_error_fault_handler                0x00000804   Section        0  app_error_weak.o(i.app_error_fault_handler)
    i.app_error_handler_bare                 0x00000828   Section        0  app_error.o(i.app_error_handler_bare)
    i.clock_clk_started_notify               0x00000840   Section        0  nrf_drv_clock.o(i.clock_clk_started_notify)
    clock_clk_started_notify                 0x00000841   Thumb Code    34  nrf_drv_clock.o(i.clock_clk_started_notify)
    i.compare_reg_update                     0x00000868   Section        0  app_timer.o(i.compare_reg_update)
    compare_reg_update                       0x00000869   Thumb Code   160  app_timer.o(i.compare_reg_update)
    i.drv_oled_init                          0x00000914   Section        0  drv_oled.o(i.drv_oled_init)
    i.drv_oled_test                          0x000009e4   Section        0  drv_oled.o(i.drv_oled_test)
    i.elapsed_ticks_acquire                  0x00000a08   Section        0  app_timer.o(i.elapsed_ticks_acquire)
    elapsed_ticks_acquire                    0x00000a09   Thumb Code    58  app_timer.o(i.elapsed_ticks_acquire)
    i.fill_picture                           0x00000a48   Section        0  drv_oled.o(i.fill_picture)
    fill_picture                             0x00000a49   Thumb Code    82  drv_oled.o(i.fill_picture)
    i.i2c_init                               0x00000aa0   Section        0  drv_i2c.o(i.i2c_init)
    i.i2c_start                              0x00000ab0   Section        0  drv_i2c.o(i.i2c_start)
    i.i2c_stop                               0x00000ae8   Section        0  drv_i2c.o(i.i2c_stop)
    i.i2c_write_byte                         0x00000b20   Section        0  drv_i2c.o(i.i2c_write_byte)
    i.list_deletions_handler                 0x00000b94   Section        0  app_timer.o(i.list_deletions_handler)
    list_deletions_handler                   0x00000b95   Thumb Code   158  app_timer.o(i.list_deletions_handler)
    i.list_insertions_handler                0x00000c3c   Section        0  app_timer.o(i.list_insertions_handler)
    list_insertions_handler                  0x00000c3d   Thumb Code   174  app_timer.o(i.list_insertions_handler)
    i.main                                   0x00000cf4   Section        0  main.o(i.main)
    i.nrf_clock_event_check                  0x00000d14   Section        0  nrf_drv_clock.o(i.nrf_clock_event_check)
    nrf_clock_event_check                    0x00000d15   Thumb Code    14  nrf_drv_clock.o(i.nrf_clock_event_check)
    i.nrf_clock_event_clear                  0x00000d22   Section        0  nrf_drv_clock.o(i.nrf_clock_event_clear)
    nrf_clock_event_clear                    0x00000d23   Thumb Code    16  nrf_drv_clock.o(i.nrf_clock_event_clear)
    i.nrf_delay_us                           0x00000d34   Section        0  drv_oled.o(i.nrf_delay_us)
    nrf_delay_us                             0x00000d35   Thumb Code   132  drv_oled.o(i.nrf_delay_us)
    i.nrf_delay_us                           0x00000dc0   Section        0  app_timer.o(i.nrf_delay_us)
    nrf_delay_us                             0x00000dc1   Thumb Code   132  app_timer.o(i.nrf_delay_us)
    i.nrf_gpio_cfg                           0x00000e4c   Section        0  drv_i2c.o(i.nrf_gpio_cfg)
    nrf_gpio_cfg                             0x00000e4d   Thumb Code    34  drv_i2c.o(i.nrf_gpio_cfg)
    i.nrf_gpio_cfg_input                     0x00000e6e   Section        0  drv_i2c.o(i.nrf_gpio_cfg_input)
    nrf_gpio_cfg_input                       0x00000e6f   Thumb Code    18  drv_i2c.o(i.nrf_gpio_cfg_input)
    i.nrf_gpio_cfg_output                    0x00000e80   Section        0  drv_i2c.o(i.nrf_gpio_cfg_output)
    nrf_gpio_cfg_output                      0x00000e81   Thumb Code    20  drv_i2c.o(i.nrf_gpio_cfg_output)
    i.nrf_gpio_pin_write                     0x00000e94   Section        0  drv_i2c.o(i.nrf_gpio_pin_write)
    nrf_gpio_pin_write                       0x00000e95   Thumb Code    18  drv_i2c.o(i.nrf_gpio_pin_write)
    i.rtc1_stop                              0x00000eac   Section        0  app_timer.o(i.rtc1_stop)
    rtc1_stop                                0x00000ead   Thumb Code    52  app_timer.o(i.rtc1_stop)
    i.timer_list_handler                     0x00000ee8   Section        0  app_timer.o(i.timer_list_handler)
    timer_list_handler                       0x00000ee9   Thumb Code   134  app_timer.o(i.timer_list_handler)
    i.timer_list_insert                      0x00000f74   Section        0  app_timer.o(i.timer_list_insert)
    timer_list_insert                        0x00000f75   Thumb Code    56  app_timer.o(i.timer_list_insert)
    i.timer_timeouts_check                   0x00000fb0   Section        0  app_timer.o(i.timer_timeouts_check)
    timer_timeouts_check                     0x00000fb1   Thumb Code   124  app_timer.o(i.timer_timeouts_check)
    .constdata                               0x00001034   Section       12  main.o(.constdata)
    leds_list                                0x00001034   Data           4  main.o(.constdata)
    twi_cfg                                  0x00001038   Data           8  main.o(.constdata)
    .data                                    0x20000000   Section        2  drv_i2c.o(.data)
    m_params                                 0x20000000   Data           2  drv_i2c.o(.data)
    .data                                    0x20000004   Section        8  drv_oled.o(.data)
    .data                                    0x2000000c   Section       32  app_timer.o(.data)
    m_ticks_elapsed_q_read_ind               0x2000000c   Data           1  app_timer.o(.data)
    m_ticks_elapsed_q_write_ind              0x2000000d   Data           1  app_timer.o(.data)
    m_rtc1_running                           0x2000000e   Data           1  app_timer.o(.data)
    m_rtc1_reset                             0x2000000f   Data           1  app_timer.o(.data)
    mp_timer_id_head                         0x20000010   Data           4  app_timer.o(.data)
    m_ticks_latest                           0x20000014   Data           4  app_timer.o(.data)
    m_evt_schedule_func                      0x20000018   Data           4  app_timer.o(.data)
    m_op_queue                               0x2000001c   Data           8  app_timer.o(.data)
    m_ticks_elapsed                          0x20000024   Data           8  app_timer.o(.data)
    .data                                    0x2000002c   Section        4  system_nrf52.o(.data)
    __tagsym$$used                           0x2000002c   Number         0  system_nrf52.o(.data)
    .bss                                     0x20000030   Section       20  nrf_drv_clock.o(.bss)
    m_clock_cb                               0x20000030   Data          20  nrf_drv_clock.o(.bss)
    STACK                                    0x20000048   Section     8192  arm_startup_nrf52.o(STACK)

    Global Symbols

    Symbol Name                              Value     Ov Type        Size  Object(Section)

    BuildAttributes$$THM_ISAv4$E$P$D$K$B$S$7EM$VFPi3$EXTD16$VFPS$VFMA$PE$A:L22UL41UL21$X:L11$S22US41US21$IEEE1$IW$USESV6$~STKCKD$USESV7$~SHL$OSPACE$EBA8$MICROLIB$REQ8$PRES8$EABIv2 0x00000000   Number         0  anon$$obj.o ABSOLUTE
    __ARM_use_no_argv                        0x00000000   Number         0  main.o ABSOLUTE
    __Vectors                                0x00000000   Data           4  arm_startup_nrf52.o(RESET)
    __cpp_initialize__aeabi_                  - Undefined Weak Reference
    __cxa_finalize                            - Undefined Weak Reference
    __decompress                              - Undefined Weak Reference
    _clock_init                               - Undefined Weak Reference
    _microlib_exit                            - Undefined Weak Reference
    __Vectors_End                            0x00000400   Data           0  arm_startup_nrf52.o(RESET)
    __Vectors_Size                           0x00000400   Number         0  arm_startup_nrf52.o ABSOLUTE
    __main                                   0x00000401   Thumb Code     0  entry.o(.ARM.Collect$$$$00000000)
    _main_stk                                0x00000401   Thumb Code     0  entry2.o(.ARM.Collect$$$$00000001)
    _main_scatterload                        0x00000405   Thumb Code     0  entry5.o(.ARM.Collect$$$$00000004)
    __main_after_scatterload                 0x00000409   Thumb Code     0  entry5.o(.ARM.Collect$$$$00000004)
    _main_clock                              0x00000409   Thumb Code     0  entry7b.o(.ARM.Collect$$$$00000008)
    _main_cpp_init                           0x00000409   Thumb Code     0  entry8b.o(.ARM.Collect$$$$0000000A)
    _main_init                               0x00000409   Thumb Code     0  entry9a.o(.ARM.Collect$$$$0000000B)
    __rt_final_cpp                           0x00000411   Thumb Code     0  entry10a.o(.ARM.Collect$$$$0000000D)
    __rt_final_exit                          0x00000411   Thumb Code     0  entry11a.o(.ARM.Collect$$$$0000000F)
    Reset_Handler                            0x00000415   Thumb Code     8  arm_startup_nrf52.o(.text)
    NMI_Handler                              0x0000041d   Thumb Code     2  arm_startup_nrf52.o(.text)
    HardFault_Handler                        0x0000041f   Thumb Code     2  arm_startup_nrf52.o(.text)
    MemoryManagement_Handler                 0x00000421   Thumb Code     2  arm_startup_nrf52.o(.text)
    BusFault_Handler                         0x00000423   Thumb Code     2  arm_startup_nrf52.o(.text)
    UsageFault_Handler                       0x00000425   Thumb Code     2  arm_startup_nrf52.o(.text)
    SVC_Handler                              0x00000427   Thumb Code     2  arm_startup_nrf52.o(.text)
    DebugMon_Handler                         0x00000429   Thumb Code     2  arm_startup_nrf52.o(.text)
    PendSV_Handler                           0x0000042b   Thumb Code     2  arm_startup_nrf52.o(.text)
    SysTick_Handler                          0x0000042d   Thumb Code     2  arm_startup_nrf52.o(.text)
    CCM_AAR_IRQHandler                       0x0000042f   Thumb Code     0  arm_startup_nrf52.o(.text)
    COMP_LPCOMP_IRQHandler                   0x0000042f   Thumb Code     0  arm_startup_nrf52.o(.text)
    ECB_IRQHandler                           0x0000042f   Thumb Code     0  arm_startup_nrf52.o(.text)
    FPU_IRQHandler                           0x0000042f   Thumb Code     0  arm_startup_nrf52.o(.text)
    GPIOTE_IRQHandler                        0x0000042f   Thumb Code     0  arm_startup_nrf52.o(.text)
    I2S_IRQHandler                           0x0000042f   Thumb Code     0  arm_startup_nrf52.o(.text)
    MWU_IRQHandler                           0x0000042f   Thumb Code     0  arm_startup_nrf52.o(.text)
    NFCT_IRQHandler                          0x0000042f   Thumb Code     0  arm_startup_nrf52.o(.text)
    PDM_IRQHandler                           0x0000042f   Thumb Code     0  arm_startup_nrf52.o(.text)
    PWM0_IRQHandler                          0x0000042f   Thumb Code     0  arm_startup_nrf52.o(.text)
    PWM1_IRQHandler                          0x0000042f   Thumb Code     0  arm_startup_nrf52.o(.text)
    PWM2_IRQHandler                          0x0000042f   Thumb Code     0  arm_startup_nrf52.o(.text)
    QDEC_IRQHandler                          0x0000042f   Thumb Code     0  arm_startup_nrf52.o(.text)
    RADIO_IRQHandler                         0x0000042f   Thumb Code     0  arm_startup_nrf52.o(.text)
    RNG_IRQHandler                           0x0000042f   Thumb Code     0  arm_startup_nrf52.o(.text)
    RTC0_IRQHandler                          0x0000042f   Thumb Code     0  arm_startup_nrf52.o(.text)
    RTC2_IRQHandler                          0x0000042f   Thumb Code     0  arm_startup_nrf52.o(.text)
    SAADC_IRQHandler                         0x0000042f   Thumb Code     0  arm_startup_nrf52.o(.text)
    SPIM0_SPIS0_TWIM0_TWIS0_SPI0_TWI0_IRQHandler 0x0000042f   Thumb Code     0  arm_startup_nrf52.o(.text)
    SPIM1_SPIS1_TWIM1_TWIS1_SPI1_TWI1_IRQHandler 0x0000042f   Thumb Code     0  arm_startup_nrf52.o(.text)
    SPIM2_SPIS2_SPI2_IRQHandler              0x0000042f   Thumb Code     0  arm_startup_nrf52.o(.text)
    SWI1_EGU1_IRQHandler                     0x0000042f   Thumb Code     0  arm_startup_nrf52.o(.text)
    SWI2_EGU2_IRQHandler                     0x0000042f   Thumb Code     0  arm_startup_nrf52.o(.text)
    SWI3_EGU3_IRQHandler                     0x0000042f   Thumb Code     0  arm_startup_nrf52.o(.text)
    SWI4_EGU4_IRQHandler                     0x0000042f   Thumb Code     0  arm_startup_nrf52.o(.text)
    SWI5_EGU5_IRQHandler                     0x0000042f   Thumb Code     0  arm_startup_nrf52.o(.text)
    TEMP_IRQHandler                          0x0000042f   Thumb Code     0  arm_startup_nrf52.o(.text)
    TIMER0_IRQHandler                        0x0000042f   Thumb Code     0  arm_startup_nrf52.o(.text)
    TIMER1_IRQHandler                        0x0000042f   Thumb Code     0  arm_startup_nrf52.o(.text)
    TIMER2_IRQHandler                        0x0000042f   Thumb Code     0  arm_startup_nrf52.o(.text)
    TIMER3_IRQHandler                        0x0000042f   Thumb Code     0  arm_startup_nrf52.o(.text)
    TIMER4_IRQHandler                        0x0000042f   Thumb Code     0  arm_startup_nrf52.o(.text)
    UARTE0_UART0_IRQHandler                  0x0000042f   Thumb Code     0  arm_startup_nrf52.o(.text)
    WDT_IRQHandler                           0x0000042f   Thumb Code     0  arm_startup_nrf52.o(.text)
    __scatterload                            0x00000439   Thumb Code    28  init.o(.text)
    __scatterload_rt2                        0x00000439   Thumb Code     0  init.o(.text)
    POWER_CLOCK_IRQHandler                   0x000004a1   Thumb Code    84  nrf_drv_clock.o(i.POWER_CLOCK_IRQHandler)
    RTC1_IRQHandler                          0x000004f9   Thumb Code    32  app_timer.o(i.RTC1_IRQHandler)
    SWI0_EGU0_IRQHandler                     0x0000051d   Thumb Code     4  app_timer.o(i.SWI0_EGU0_IRQHandler)
    SystemInit                               0x00000521   Thumb Code   610  system_nrf52.o(i.SystemInit)
    __scatterload_copy                       0x000007e5   Thumb Code    14  handlers.o(i.__scatterload_copy)
    __scatterload_null                       0x000007f3   Thumb Code     2  handlers.o(i.__scatterload_null)
    __scatterload_zeroinit                   0x000007f5   Thumb Code    14  handlers.o(i.__scatterload_zeroinit)
    app_error_fault_handler                  0x00000805   Thumb Code    26  app_error_weak.o(i.app_error_fault_handler)
    app_error_handler_bare                   0x00000829   Thumb Code    22  app_error.o(i.app_error_handler_bare)
    drv_oled_init                            0x00000915   Thumb Code   204  drv_oled.o(i.drv_oled_init)
    drv_oled_test                            0x000009e5   Thumb Code    32  drv_oled.o(i.drv_oled_test)
    i2c_init                                 0x00000aa1   Thumb Code    12  drv_i2c.o(i.i2c_init)
    i2c_start                                0x00000ab1   Thumb Code    52  drv_i2c.o(i.i2c_start)
    i2c_stop                                 0x00000ae9   Thumb Code    52  drv_i2c.o(i.i2c_stop)
    i2c_write_byte                           0x00000b21   Thumb Code   106  drv_i2c.o(i.i2c_write_byte)
    main                                     0x00000cf5   Thumb Code    26  main.o(i.main)
    Region$$Table$$Base                      0x00001040   Number         0  anon$$obj.o(Region$$Table)
    Region$$Table$$Limit                     0x00001060   Number         0  anon$$obj.o(Region$$Table)
    m_params                                 0x20000004   Data           8  drv_oled.o(.data)
    SystemCoreClock                          0x2000002c   Data           4  system_nrf52.o(.data)
    __initial_sp                             0x20002048   Data           0  arm_startup_nrf52.o(STACK)



==============================================================================

Memory Map of the image

  Image Entry point : 0x00000401

  Load Region LR_IROM1 (Base: 0x00000000, Size: 0x00001090, Max: 0x00080000, ABSOLUTE)

    Execution Region ER_IROM1 (Base: 0x00000000, Size: 0x00001060, Max: 0x00080000, ABSOLUTE)

    Base Addr    Size         Type   Attr      Idx    E Section Name        Object

    0x00000000   0x00000400   Data   RO          975    RESET               arm_startup_nrf52.o
    0x00000400   0x00000000   Code   RO         1016  * .ARM.Collect$$$$00000000  mc_w.l(entry.o)
    0x00000400   0x00000004   Code   RO         1019    .ARM.Collect$$$$00000001  mc_w.l(entry2.o)
    0x00000404   0x00000004   Code   RO         1022    .ARM.Collect$$$$00000004  mc_w.l(entry5.o)
    0x00000408   0x00000000   Code   RO         1024    .ARM.Collect$$$$00000008  mc_w.l(entry7b.o)
    0x00000408   0x00000000   Code   RO         1026    .ARM.Collect$$$$0000000A  mc_w.l(entry8b.o)
    0x00000408   0x00000008   Code   RO         1027    .ARM.Collect$$$$0000000B  mc_w.l(entry9a.o)
    0x00000410   0x00000000   Code   RO         1029    .ARM.Collect$$$$0000000D  mc_w.l(entry10a.o)
    0x00000410   0x00000000   Code   RO         1031    .ARM.Collect$$$$0000000F  mc_w.l(entry11a.o)
    0x00000410   0x00000004   Code   RO         1020    .ARM.Collect$$$$00002712  mc_w.l(entry2.o)
    0x00000414   0x00000024   Code   RO          976    .text               arm_startup_nrf52.o
    0x00000438   0x00000024   Code   RO         1033    .text               mc_w.l(init.o)
    0x0000045c   0x00000016   Code   RO          731    i.NVIC_ClearPendingIRQ  app_timer.o
    0x00000472   0x00000016   Code   RO          732    i.NVIC_EnableIRQ    app_timer.o
    0x00000488   0x00000016   Code   RO          733    i.NVIC_SetPendingIRQ  app_timer.o
    0x0000049e   0x00000002   PAD
    0x000004a0   0x00000058   Code   RO          230    i.POWER_CLOCK_IRQHandler  nrf_drv_clock.o
    0x000004f8   0x00000024   Code   RO          735    i.RTC1_IRQHandler   app_timer.o
    0x0000051c   0x00000004   Code   RO          736    i.SWI0_EGU0_IRQHandler  app_timer.o
    0x00000520   0x0000029c   Code   RO          984    i.SystemInit        system_nrf52.o
    0x000007bc   0x00000028   Code   RO          176    i.Write_IIC_Command  drv_oled.o
    0x000007e4   0x0000000e   Code   RO         1037    i.__scatterload_copy  mc_w.l(handlers.o)
    0x000007f2   0x00000002   Code   RO         1038    i.__scatterload_null  mc_w.l(handlers.o)
    0x000007f4   0x0000000e   Code   RO         1039    i.__scatterload_zeroinit  mc_w.l(handlers.o)
    0x00000802   0x00000002   PAD
    0x00000804   0x00000024   Code   RO          612    i.app_error_fault_handler  app_error_weak.o
    0x00000828   0x00000016   Code   RO          558    i.app_error_handler_bare  app_error.o
    0x0000083e   0x00000002   PAD
    0x00000840   0x00000028   Code   RO          231    i.clock_clk_started_notify  nrf_drv_clock.o
    0x00000868   0x000000ac   Code   RO          744    i.compare_reg_update  app_timer.o
    0x00000914   0x000000d0   Code   RO          177    i.drv_oled_init     drv_oled.o
    0x000009e4   0x00000024   Code   RO          178    i.drv_oled_test     drv_oled.o
    0x00000a08   0x00000040   Code   RO          745    i.elapsed_ticks_acquire  app_timer.o
    0x00000a48   0x00000058   Code   RO          179    i.fill_picture      drv_oled.o
    0x00000aa0   0x00000010   Code   RO          109    i.i2c_init          drv_i2c.o
    0x00000ab0   0x00000038   Code   RO          110    i.i2c_start         drv_i2c.o
    0x00000ae8   0x00000038   Code   RO          111    i.i2c_stop          drv_i2c.o
    0x00000b20   0x00000074   Code   RO          112    i.i2c_write_byte    drv_i2c.o
    0x00000b94   0x000000a8   Code   RO          746    i.list_deletions_handler  app_timer.o
    0x00000c3c   0x000000b8   Code   RO          747    i.list_insertions_handler  app_timer.o
    0x00000cf4   0x00000020   Code   RO            4    i.main              main.o
    0x00000d14   0x0000000e   Code   RO          235    i.nrf_clock_event_check  nrf_drv_clock.o
    0x00000d22   0x00000010   Code   RO          236    i.nrf_clock_event_clear  nrf_drv_clock.o
    0x00000d32   0x00000002   PAD
    0x00000d34   0x0000008c   Code   RO          180    i.nrf_delay_us      drv_oled.o
    0x00000dc0   0x0000008c   Code   RO          748    i.nrf_delay_us      app_timer.o
    0x00000e4c   0x00000022   Code   RO          113    i.nrf_gpio_cfg      drv_i2c.o
    0x00000e6e   0x00000012   Code   RO          114    i.nrf_gpio_cfg_input  drv_i2c.o
    0x00000e80   0x00000014   Code   RO          115    i.nrf_gpio_cfg_output  drv_i2c.o
    0x00000e94   0x00000018   Code   RO          116    i.nrf_gpio_pin_write  drv_i2c.o
    0x00000eac   0x0000003c   Code   RO          749    i.rtc1_stop         app_timer.o
    0x00000ee8   0x0000008c   Code   RO          750    i.timer_list_handler  app_timer.o
    0x00000f74   0x0000003c   Code   RO          751    i.timer_list_insert  app_timer.o
    0x00000fb0   0x00000084   Code   RO          753    i.timer_timeouts_check  app_timer.o
    0x00001034   0x0000000c   Data   RO            7    .constdata          main.o
    0x00001040   0x00000020   Data   RO         1035    Region$$Table       anon$$obj.o


    Execution Region RW_IRAM1 (Base: 0x20000000, Size: 0x00002048, Max: 0x00010000, ABSOLUTE)

    Base Addr    Size         Type   Attr      Idx    E Section Name        Object

    0x20000000   0x00000002   Data   RW          117    .data               drv_i2c.o
    0x20000002   0x00000002   PAD
    0x20000004   0x00000008   Data   RW          181    .data               drv_oled.o
    0x2000000c   0x00000020   Data   RW          755    .data               app_timer.o
    0x2000002c   0x00000004   Data   RW          985    .data               system_nrf52.o
    0x20000030   0x00000014   Zero   RW          249    .bss                nrf_drv_clock.o
    0x20000044   0x00000004   PAD
    0x20000048   0x00002000   Zero   RW          973    STACK               arm_startup_nrf52.o


==============================================================================

Image component sizes


      Code (inc. data)   RO Data    RW Data    ZI Data      Debug   Object Name

        22          0          0          0          0       2237   app_error.o
        36         10          0          0          0      27353   app_error_weak.o
      1226         76          0         32          0      42868   app_timer.o
        36          8       1024          0       8192        928   arm_startup_nrf52.o
       340         28          0          2          0       8559   drv_i2c.o
       512         26          0          8          0       4607   drv_oled.o
        32          6         12          0          0      36083   main.o
       158         10          0          0         20       9701   nrf_drv_clock.o
       668         58          0          4          0       2759   system_nrf52.o

    ----------------------------------------------------------------------
      3036        222       1068         48       8216     135095   Object Totals
         0          0         32          0          0          0   (incl. Generated)
         6          0          0          2          4          0   (incl. Padding)

    ----------------------------------------------------------------------

      Code (inc. data)   RO Data    RW Data    ZI Data      Debug   Library Member Name

         0          0          0          0          0          0   entry.o
         0          0          0          0          0          0   entry10a.o
         0          0          0          0          0          0   entry11a.o
         8          4          0          0          0          0   entry2.o
         4          0          0          0          0          0   entry5.o
         0          0          0          0          0          0   entry7b.o
         0          0          0          0          0          0   entry8b.o
         8          4          0          0          0          0   entry9a.o
        30          0          0          0          0          0   handlers.o
        36          8          0          0          0         68   init.o

    ----------------------------------------------------------------------
        88         16          0          0          0         68   Library Totals
         2          0          0          0          0          0   (incl. Padding)

    ----------------------------------------------------------------------

      Code (inc. data)   RO Data    RW Data    ZI Data      Debug   Library Name

        86         16          0          0          0         68   mc_w.l

    ----------------------------------------------------------------------
        88         16          0          0          0         68   Library Totals

    ----------------------------------------------------------------------

==============================================================================


      Code (inc. data)   RO Data    RW Data    ZI Data      Debug   

      3124        238       1068         48       8216     132167   Grand Totals
      3124        238       1068         48       8216     132167   ELF Image Totals
      3124        238       1068         48          0          0   ROM Totals

==============================================================================

    Total RO  Size (Code + RO Data)                 4192 (   4.09kB)
    Total RW  Size (RW Data + ZI Data)              8264 (   8.07kB)
    Total ROM Size (Code + RO Data + RW Data)       4240 (   4.14kB)

==============================================================================

