<html>
<body>
<pre>
<h1>礦ision Build Log</h1>
<h2>Tool Versions:</h2>
IDE-Version: μVision V5.12.0.0
Copyright (C) 2014 ARM Ltd and ARM Germany GmbH. All rights reserved.
License Information: PanXuesen PanXuesen, PanXuesen, LIC=0VR63-ABZ28-FZXWU-SRPKH-YRS71-ZKXPV
 
Tool Versions:
Toolchain:       MDK-ARM Professional  Version: 5.12.0.0
Toolchain Path:  F:\Keil_v5\ARM\ARMCC\Bin
C Compiler:      Armcc.exe V5.05 (build 41)
Assembler:       Armasm.exe V5.05 (build 41)
Linker/Locator:  ArmLink.exe V5.05 (build 41)
Library Manager: ArmAr.exe V5.05 (build 41)
Hex Converter:   FromElf.exe V5.05 (build 41)
CPU DLL:         
Dialog DLL:      
    Target DLL: Segger\JL2CM3.dll
Dialog DLL:      TCM.DLL V1.14.2.0
 
<h2>Project:</h2>
F:\360极速浏览器下载\thingy_sdk_v1.1.0\_build\nRF5_SDK_12.1.0_0d23e2a\examples\peripheral\blinky\pca10040\blank\arm5_no_packs\blinky_pca10040.uvprojx
Project File Date:  08/28/2017

<h2>Output:</h2>
Rebuild target 'nrf52832_xxaa'
compiling main.c...
compiling drv_i2c.c...
compiling drv_oled.c...
compiling nrf_drv_clock.c...
compiling nrf_drv_common.c...
compiling nrf_nvic.c...
compiling nrf_soc.c...
compiling app_error.c...
compiling app_error_weak.c...
compiling app_fifo.c...
compiling app_timer.c...
compiling app_util_platform.c...
compiling hardfault_implementation.c...
compiling nrf_assert.c...
assembling arm_startup_nrf52.s...
compiling system_nrf52.c...
linking...
Program Size: Code=3124 RO-data=1068 RW-data=48 ZI-data=8216  
FromELF: creating hex file...
".\_build\nrf52832_xxaa.axf" - 0 Error(s), 0 Warning(s).

<h2>Software Packages used:</h2>

Package Vendor: ARM
                http://www.keil.com/pack/ARM.CMSIS.4.5.0.pack
                ARM::CMSIS:CORE:4.3.0
                CMSIS (Cortex Microcontroller Software Interface Standard)
   * Component: CORE Version: 4.3.0

Package Vendor: NordicSemiconductor
                http://developer.nordicsemi.com/nRF5_SDK/pieces/nRF_DeviceFamilyPack/NordicSemiconductor.nRF_DeviceFamilyPack.8.9.0.pack
                NordicSemiconductor::Device:Startup:8.9.0
                Nordic Semiconductor nRF ARM devices Device Family Pack.
   * Component: Startup Version: 8.9.0

<h2>Collection of Component include folders:</h2>
  F:\360极速浏览器下载\thingy_sdk_v1.1.0\_build\nRF5_SDK_12.1.0_0d23e2a\examples\peripheral\blinky\pca10040\blank\arm5_no_packs\RTE
  F:\Keil_v5\ARM\PACK\ARM\CMSIS\4.5.0\CMSIS\Include
  F:\Keil_v5\ARM\PACK\NordicSemiconductor\nRF_DeviceFamilyPack\8.14.1\Device\Include
  F:\Keil_v5\ARM\PACK\NordicSemiconductor\nRF_DeviceFamilyPack\8.9.0\Device\Include

<h2>Collection of Component Files used:</h2>

   * Component: ARM::CMSIS:CORE:4.3.0

   * Component: NordicSemiconductor::Device:Startup:8.9.0
      Source file:   Device\Source\arm\arm_startup_nrf52.s
      Source file:   Device\Source\system_nrf52.c
      Include file:  Device\Include\system_nrf52.h
</pre>
</body>
</html>
2:42:51
Firmware: J-Link OB-SAM3U128-V2-NordicSemi compiled Jul 24 2017 17:30:12
Hardware: V1.00
S/N : 682257569 
 
* JLink Info: Found SW-DP with ID 0x2BA01477
* JLink Info: Found SW-DP with ID 0x2BA01477
* JLink Info: Scanning APs, stopping at first AHB-AP found.
* JLink Info: AP[0] IDR: 0x24770011 (AHB-AP)
* JLink Info: AHB-AP ROM: 0xE00FF000 (Base addr. of first ROM table)
* JLink Info: CPUID reg: 0x410FC241. Implementer code: 0x41 (ARM)
* JLink Info: Found Cortex-M4 r0p1, Little endian.
* JLink Info: FPUnit: 6 code (BP) slots and 2 literal slots
* JLink Info: CoreSight components:
* JLink Info: ROMTbl[0] @ E00FF000
* JLink Info: ROMTbl[0][0]: E000E000, CID: B105E00D, PID: 000BB00C SCS
* JLink Info: ROMTbl[0][1]: E0001000, CID: B105E00D, PID: 003BB002 DWT
* JLink Info: ROMTbl[0][2]: E0002000, CID: B105E00D, PID: 002BB003 FPB
* JLink Info: ROMTbl[0][3]: E0000000, CID: B105E00D, PID: 003BB001 ITM
* JLink Info: ROMTbl[0][4]: E0040000, CID: B105900D, PID: 000BB9A1 TPIU
* JLink Info: ROMTbl[0][5]: E0041000, CID: B105900D, PID: 000BB925 ETM
ROMTableAddr = 0xE00FF003
* JLink Info: Setting AIRCR.SYSRESETREQ
 
Target info:
------------
Device: nRF52832_xxAA
VTarget = 3.300V
State of Pins: 
TCK: 0, TDI: 1, TDO: 1, TMS: 1, TRES: 1, TRST: 1
Hardware-Breakpoints: 6
Software-Breakpoints: 8192
Watchpoints:          4
JTAG speed: 1000 kHz
 
Erase Done.
Programming Done.
Verify OK.
* JLink Info: Setting AIRCR.SYSRESETREQ
Application running ...
-----
Device: nRF52832_xxAA
VTarget = 3.300V
State of Pins: 
TCK: 0, TDI: 1, TDO: 1, TMS: 1, TRES: 1, TRST: 1
Hardware-Breakpoints: 6
Software-Breakpoints: 8192
Watchpoints:          4
JTAG speed: 1000 kHz
 
Erase Done.
Programming Done.
Verify OK.
* JLink Info: Setting AIRCR.SYSRESETREQ
Application running ...
pp_error_weak.c...
compiling app_fifo.c...
compiling app_timer.c...
compiling app_util_platform.c...
compiling hardfault_implementation.c...
compiling nrf_assert.c...
compiling system_nrf52.c...
".\_build\nrf52832_xxaa.axf" - 11 Error(s), 17 Warning(s).

<h2>Software Packages used:</h2>

Package Vendor: ARM
                http://www.keil.com/pack/ARM.CMSIS.4.5.0.pack
                ARM::CMSIS:CORE:4.3.0
                CMSIS (Cortex Microcontroller Software Interface Standard)
   * Component: CORE Version: 4.3.0

Package Vendor: NordicSemiconductor
                http://developer.nordicsemi.com/nRF5_SDK/pieces/nRF_DeviceFamilyPack/NordicSemiconductor.nRF_DeviceFamilyPack.8.9.0.pack
                NordicSemiconductor::Device:Startup:8.9.0
                Nordic Semiconductor nRF ARM devices Device Family Pack.
   * Component: Startup Version: 8.9.0

<h2>Collection of Component include folders:</h2>
  F:\360极速浏览器下载\thingy_sdk_v1.1.0\_build\nRF5_SDK_12.1.0_0d23e2a\examples\peripheral\blinky\pca10040\blank\arm5_no_packs\RTE
  F:\Keil_v5\ARM\PACK\ARM\CMSIS\4.5.0\CMSIS\Include
  F:\Keil_v5\ARM\PACK\NordicSemiconductor\nRF_DeviceFamilyPack\8.14.1\Device\Include
  F:\Keil_v5\ARM\PACK\NordicSemiconductor\nRF_DeviceFamilyPack\8.9.0\Device\Include

<h2>Collection of Component Files used:</h2>

   * Component: ARM::CMSIS:CORE:4.3.0

   * Component: NordicSemiconductor::Device:Startup:8.9.0
      Source file:   Device\Source\arm\arm_startup_nrf52.s
      Source file:   Device\Source\system_nrf52.c
      Include file:  Device\Include\system_nrf52.h
Target not created.
